../Core/Src/dht22.c:38:13:DHT22_SetPinOutput	32	static
../Core/Src/dht22.c:51:13:DHT22_SetPinInputCapture	32	static
../Core/Src/dht22.c:65:13:DHT22_StopCapture	8	static
../Core/Src/dht22.c:72:13:DHT22_SetError	8	static
../Core/Src/dht22.c:82:13:DHT22_ProcessReceivedData	16	static
../Core/Src/dht22.c:108:6:DHT22_Init	16	static
../Core/Src/dht22.c:126:6:DHT22_StartMeasurement	8	static
../Core/Src/dht22.c:153:6:DHT22_Process	16	static
../Core/Src/dht22.c:208:6:DHT22_HandleCapture	32	static
../Core/Src/dht22.c:273:6:DHT22_IsReady	4	static
../Core/Src/dht22.c:279:12:DHT22_GetData	16	static
