../Core/Src/main.c:99:5:main	24	static
../Core/Src/main.c:203:6:SystemClock_Config	88	static
../Core/Src/main.c:250:13:MX_ADC1_Init	24	static
../Core/Src/main.c:302:13:MX_I2C1_Init	8	static
../Core/Src/main.c:336:13:MX_TIM1_Init	48	static
../Core/Src/main.c:395:13:MX_TIM2_Init	32	static
../Core/Src/main.c:440:13:MX_USART2_UART_Init	8	static
../Core/Src/main.c:473:13:MX_GPIO_Init	48	static
../Core/Src/main.c:516:6:HAL_TIM_PeriodElapsedCallback	16	static
../Core/Src/main.c:525:6:HAL_ADC_ConvCpltCallback	16	static
../Core/Src/main.c:530:6:HAL_TIM_IC_CaptureCallback	16	static
../Core/Src/main.c:536:6:HAL_I2C_MasterTxCpltCallback	16	static
../Core/Src/main.c:542:6:HAL_I2C_ErrorCallback	16	static
../Core/Src/main.c:548:6:HAL_UART_TxCpltCallback	16	static
../Core/Src/main.c:553:6:HAL_UART_ErrorCallback	16	static
../Core/Src/main.c:563:6:Error_Handler	4	static,ignoring_inline_asm
