../Core/Src/oled.c:66:13:OLED_SendCommand	16	static
../Core/Src/oled.c:81:13:OLED_SendBufferChunk	16	static
../Core/Src/oled.c:103:13:OLED_GetCharBitmap	272	static
../Core/Src/oled.c:149:16:OLED_DrawUnsignedNumber	32	static
../Core/Src/oled.c:176:16:OLED_DrawFloat1	32	static
../Core/Src/oled.c:199:20:OLED_GetStatusText	16	static
../Core/Src/oled.c:212:6:OLED_Init	16	static
../Core/Src/oled.c:230:6:OLED_Process	8	static
../Core/Src/oled.c:298:6:OLED_IsReady	4	static
../Core/Src/oled.c:304:6:OLED_IsBusy	4	static
../Core/Src/oled.c:310:6:OLED_Clear	8	static
../Core/Src/oled.c:316:6:OLED_DrawPixel	24	static
../Core/Src/oled.c:328:6:OLED_DrawChar	24	static
../Core/Src/oled.c:344:6:OLED_DrawString	16	static
../Core/Src/oled.c:355:6:OLED_Update	4	static
../Core/Src/oled.c:367:6:OLED_ShowData	24	static
../Core/Src/oled.c:394:6:OLED_HandleTxComplete	16	static
../Core/Src/oled.c:402:6:OLED_HandleError	16	static
