Archive member included to satisfy reference by file (symbol)

D:/STM32CubeIDE_1.17.0/STM32CubeIDE/plugins/com.st.stm32cube.ide.mcu.externaltools.gnu-tools-for-stm32.12.3.rel1.win32_1.1.0.202410251130/tools/bin/../lib/gcc/arm-none-eabi/12.3.1/../../../../arm-none-eabi/lib/thumb/v7e-m+fp/hard\libc_nano.a(libc_a-exit.o)
                              D:/STM32CubeIDE_1.17.0/STM32CubeIDE/plugins/com.st.stm32cube.ide.mcu.externaltools.gnu-tools-for-stm32.12.3.rel1.win32_1.1.0.202410251130/tools/bin/../lib/gcc/arm-none-eabi/12.3.1/../../../../arm-none-eabi/lib/thumb/v7e-m+fp/hard/crt0.o (exit)
D:/STM32CubeIDE_1.17.0/STM32CubeIDE/plugins/com.st.stm32cube.ide.mcu.externaltools.gnu-tools-for-stm32.12.3.rel1.win32_1.1.0.202410251130/tools/bin/../lib/gcc/arm-none-eabi/12.3.1/../../../../arm-none-eabi/lib/thumb/v7e-m+fp/hard\libc_nano.a(libc_a-findfp.o)
                              D:/STM32CubeIDE_1.17.0/STM32CubeIDE/plugins/com.st.stm32cube.ide.mcu.externaltools.gnu-tools-for-stm32.12.3.rel1.win32_1.1.0.202410251130/tools/bin/../lib/gcc/arm-none-eabi/12.3.1/../../../../arm-none-eabi/lib/thumb/v7e-m+fp/hard\libc_nano.a(libc_a-exit.o) (__stdio_exit_handler)
D:/STM32CubeIDE_1.17.0/STM32CubeIDE/plugins/com.st.stm32cube.ide.mcu.externaltools.gnu-tools-for-stm32.12.3.rel1.win32_1.1.0.202410251130/tools/bin/../lib/gcc/arm-none-eabi/12.3.1/../../../../arm-none-eabi/lib/thumb/v7e-m+fp/hard\libc_nano.a(libc_a-fwalk.o)
                              D:/STM32CubeIDE_1.17.0/STM32CubeIDE/plugins/com.st.stm32cube.ide.mcu.externaltools.gnu-tools-for-stm32.12.3.rel1.win32_1.1.0.202410251130/tools/bin/../lib/gcc/arm-none-eabi/12.3.1/../../../../arm-none-eabi/lib/thumb/v7e-m+fp/hard\libc_nano.a(libc_a-findfp.o) (_fwalk_sglue)
D:/STM32CubeIDE_1.17.0/STM32CubeIDE/plugins/com.st.stm32cube.ide.mcu.externaltools.gnu-tools-for-stm32.12.3.rel1.win32_1.1.0.202410251130/tools/bin/../lib/gcc/arm-none-eabi/12.3.1/../../../../arm-none-eabi/lib/thumb/v7e-m+fp/hard\libc_nano.a(libc_a-snprintf.o)
                              ./Core/Src/telemetry.o (snprintf)
D:/STM32CubeIDE_1.17.0/STM32CubeIDE/plugins/com.st.stm32cube.ide.mcu.externaltools.gnu-tools-for-stm32.12.3.rel1.win32_1.1.0.202410251130/tools/bin/../lib/gcc/arm-none-eabi/12.3.1/../../../../arm-none-eabi/lib/thumb/v7e-m+fp/hard\libc_nano.a(libc_a-stdio.o)
                              D:/STM32CubeIDE_1.17.0/STM32CubeIDE/plugins/com.st.stm32cube.ide.mcu.externaltools.gnu-tools-for-stm32.12.3.rel1.win32_1.1.0.202410251130/tools/bin/../lib/gcc/arm-none-eabi/12.3.1/../../../../arm-none-eabi/lib/thumb/v7e-m+fp/hard\libc_nano.a(libc_a-findfp.o) (__sread)
D:/STM32CubeIDE_1.17.0/STM32CubeIDE/plugins/com.st.stm32cube.ide.mcu.externaltools.gnu-tools-for-stm32.12.3.rel1.win32_1.1.0.202410251130/tools/bin/../lib/gcc/arm-none-eabi/12.3.1/../../../../arm-none-eabi/lib/thumb/v7e-m+fp/hard\libc_nano.a(libc_a-memset.o)
                              D:/STM32CubeIDE_1.17.0/STM32CubeIDE/plugins/com.st.stm32cube.ide.mcu.externaltools.gnu-tools-for-stm32.12.3.rel1.win32_1.1.0.202410251130/tools/bin/../lib/gcc/arm-none-eabi/12.3.1/../../../../arm-none-eabi/lib/thumb/v7e-m+fp/hard/crt0.o (memset)
D:/STM32CubeIDE_1.17.0/STM32CubeIDE/plugins/com.st.stm32cube.ide.mcu.externaltools.gnu-tools-for-stm32.12.3.rel1.win32_1.1.0.202410251130/tools/bin/../lib/gcc/arm-none-eabi/12.3.1/../../../../arm-none-eabi/lib/thumb/v7e-m+fp/hard\libc_nano.a(libc_a-closer.o)
                              D:/STM32CubeIDE_1.17.0/STM32CubeIDE/plugins/com.st.stm32cube.ide.mcu.externaltools.gnu-tools-for-stm32.12.3.rel1.win32_1.1.0.202410251130/tools/bin/../lib/gcc/arm-none-eabi/12.3.1/../../../../arm-none-eabi/lib/thumb/v7e-m+fp/hard\libc_nano.a(libc_a-stdio.o) (_close_r)
D:/STM32CubeIDE_1.17.0/STM32CubeIDE/plugins/com.st.stm32cube.ide.mcu.externaltools.gnu-tools-for-stm32.12.3.rel1.win32_1.1.0.202410251130/tools/bin/../lib/gcc/arm-none-eabi/12.3.1/../../../../arm-none-eabi/lib/thumb/v7e-m+fp/hard\libc_nano.a(libc_a-reent.o)
                              D:/STM32CubeIDE_1.17.0/STM32CubeIDE/plugins/com.st.stm32cube.ide.mcu.externaltools.gnu-tools-for-stm32.12.3.rel1.win32_1.1.0.202410251130/tools/bin/../lib/gcc/arm-none-eabi/12.3.1/../../../../arm-none-eabi/lib/thumb/v7e-m+fp/hard\libc_nano.a(libc_a-closer.o) (errno)
D:/STM32CubeIDE_1.17.0/STM32CubeIDE/plugins/com.st.stm32cube.ide.mcu.externaltools.gnu-tools-for-stm32.12.3.rel1.win32_1.1.0.202410251130/tools/bin/../lib/gcc/arm-none-eabi/12.3.1/../../../../arm-none-eabi/lib/thumb/v7e-m+fp/hard\libc_nano.a(libc_a-impure.o)
                              D:/STM32CubeIDE_1.17.0/STM32CubeIDE/plugins/com.st.stm32cube.ide.mcu.externaltools.gnu-tools-for-stm32.12.3.rel1.win32_1.1.0.202410251130/tools/bin/../lib/gcc/arm-none-eabi/12.3.1/../../../../arm-none-eabi/lib/thumb/v7e-m+fp/hard\libc_nano.a(libc_a-snprintf.o) (_impure_ptr)
[...]
Memory Configuration

Name             Origin             Length             Attributes
RAM              0x20000000         0x00018000         xrw
FLASH            0x08000000         0x00080000         xr
*default*        0x00000000         0xffffffff

Linker script and memory map

LOAD D:/STM32CubeIDE_1.17.0/STM32CubeIDE/plugins/com.st.stm32cube.ide.mcu.externaltools.gnu-tools-for-stm32.12.3.rel1.win32_1.1.0.202410251130/tools/bin/../lib/gcc/arm-none-eabi/12.3.1/thumb/v7e-m+fp/hard/crti.o
LOAD D:/STM32CubeIDE_1.17.0/STM32CubeIDE/plugins/com.st.stm32cube.ide.mcu.externaltools.gnu-tools-for-stm32.12.3.rel1.win32_1.1.0.202410251130/tools/bin/../lib/gcc/arm-none-eabi/12.3.1/thumb/v7e-m+fp/hard/crtbegin.o
LOAD D:/STM32CubeIDE_1.17.0/STM32CubeIDE/plugins/com.st.stm32cube.ide.mcu.externaltools.gnu-tools-for-stm32.12.3.rel1.win32_1.1.0.202410251130/tools/bin/../lib/gcc/arm-none-eabi/12.3.1/../../../../arm-none-eabi/lib/thumb/v7e-m+fp/hard/crt0.o
LOAD ./Core/Src/dht22.o
LOAD ./Core/Src/light_sensor.o
LOAD ./Core/Src/main.o
LOAD ./Core/Src/oled.o
LOAD ./Core/Src/status.o
LOAD ./Core/Src/status_led.o
LOAD ./Core/Src/stm32f4xx_hal_msp.o
LOAD ./Core/Src/stm32f4xx_it.o
LOAD ./Core/Src/syscalls.o
LOAD ./Core/Src/sysmem.o
LOAD ./Core/Src/system_stm32f4xx.o
LOAD ./Core/Src/telemetry.o
LOAD ./Core/Startup/startup_stm32f401retx.o
LOAD ./Drivers/STM32F4xx_HAL_Driver/Src/stm32f4xx_hal.o
LOAD ./Drivers/STM32F4xx_HAL_Driver/Src/stm32f4xx_hal_adc.o
LOAD ./Drivers/STM32F4xx_HAL_Driver/Src/stm32f4xx_hal_adc_ex.o
LOAD ./Drivers/STM32F4xx_HAL_Driver/Src/stm32f4xx_hal_cortex.o
LOAD ./Drivers/STM32F4xx_HAL_Driver/Src/stm32f4xx_hal_dma.o
LOAD ./Drivers/STM32F4xx_HAL_Driver/Src/stm32f4xx_hal_dma_ex.o
LOAD ./Drivers/STM32F4xx_HAL_Driver/Src/stm32f4xx_hal_exti.o
LOAD ./Drivers/STM32F4xx_HAL_Driver/Src/stm32f4xx_hal_flash.o
LOAD ./Drivers/STM32F4xx_HAL_Driver/Src/stm32f4xx_hal_flash_ex.o
LOAD ./Drivers/STM32F4xx_HAL_Driver/Src/stm32f4xx_hal_flash_ramfunc.o
LOAD ./Drivers/STM32F4xx_HAL_Driver/Src/stm32f4xx_hal_gpio.o
LOAD ./Drivers/STM32F4xx_HAL_Driver/Src/stm32f4xx_hal_i2c.o
LOAD ./Drivers/STM32F4xx_HAL_Driver/Src/stm32f4xx_hal_i2c_ex.o
LOAD ./Drivers/STM32F4xx_HAL_Driver/Src/stm32f4xx_hal_pwr.o
LOAD ./Drivers/STM32F4xx_HAL_Driver/Src/stm32f4xx_hal_pwr_ex.o
LOAD ./Drivers/STM32F4xx_HAL_Driver/Src/stm32f4xx_hal_rcc.o
LOAD ./Drivers/STM32F4xx_HAL_Driver/Src/stm32f4xx_hal_rcc_ex.o
LOAD ./Drivers/STM32F4xx_HAL_Driver/Src/stm32f4xx_hal_tim.o
LOAD ./Drivers/STM32F4xx_HAL_Driver/Src/stm32f4xx_hal_tim_ex.o
LOAD ./Drivers/STM32F4xx_HAL_Driver/Src/stm32f4xx_hal_uart.o
LOAD ./Drivers/STM32F4xx_HAL_Driver/Src/stm32f4xx_ll_adc.o
START GROUP
LOAD D:/STM32CubeIDE_1.17.0/STM32CubeIDE/plugins/com.st.stm32cube.ide.mcu.externaltools.gnu-tools-for-stm32.12.3.rel1.win32_1.1.0.202410251130/tools/bin/../lib/gcc/arm-none-eabi/12.3.1/../../../../arm-none-eabi/lib/thumb/v7e-m+fp/hard\libc_nano.a
LOAD D:/STM32CubeIDE_1.17.0/STM32CubeIDE/plugins/com.st.stm32cube.ide.mcu.externaltools.gnu-tools-for-stm32.12.3.rel1.win32_1.1.0.202410251130/tools/bin/../lib/gcc/arm-none-eabi/12.3.1/../../../../arm-none-eabi/lib/thumb/v7e-m+fp/hard\libm.a
END GROUP
START GROUP
LOAD D:/STM32CubeIDE_1.17.0/STM32CubeIDE/plugins/com.st.stm32cube.ide.mcu.externaltools.gnu-tools-for-stm32.12.3.rel1.win32_1.1.0.202410251130/tools/bin/../lib/gcc/arm-none-eabi/12.3.1/thumb/v7e-m+fp/hard\libgcc.a
LOAD D:/STM32CubeIDE_1.17.0/STM32CubeIDE/plugins/com.st.stm32cube.ide.mcu.externaltools.gnu-tools-for-stm32.12.3.rel1.win32_1.1.0.202410251130/tools/bin/../lib/gcc/arm-none-eabi/12.3.1/../../../../arm-none-eabi/lib/thumb/v7e-m+fp/hard\libc_nano.a
END GROUP
START GROUP
LOAD D:/STM32CubeIDE_1.17.0/STM32CubeIDE/plugins/com.st.stm32cube.ide.mcu.externaltools.gnu-tools-for-stm32.12.3.rel1.win32_1.1.0.202410251130/tools/bin/../lib/gcc/arm-none-eabi/12.3.1/thumb/v7e-m+fp/hard\libgcc.a
LOAD D:/STM32CubeIDE_1.17.0/STM32CubeIDE/plugins/com.st.stm32cube.ide.mcu.externaltools.gnu-tools-for-stm32.12.3.rel1.win32_1.1.0.202410251130/tools/bin/../lib/gcc/arm-none-eabi/12.3.1/../../../../arm-none-eabi/lib/thumb/v7e-m+fp/hard\libc_nano.a
LOAD D:/STM32CubeIDE_1.17.0/STM32CubeIDE/plugins/com.st.stm32cube.ide.mcu.externaltools.gnu-tools-for-stm32.12.3.rel1.win32_1.1.0.202410251130/tools/bin/../lib/gcc/arm-none-eabi/12.3.1/../../../../arm-none-eabi/lib/thumb/v7e-m+fp/hard\libnosys.a
END GROUP
START GROUP
LOAD D:/STM32CubeIDE_1.17.0/STM32CubeIDE/plugins/com.st.stm32cube.ide.mcu.externaltools.gnu-tools-for-stm32.12.3.rel1.win32_1.1.0.202410251130/tools/bin/../lib/gcc/arm-none-eabi/12.3.1/thumb/v7e-m+fp/hard\libgcc.a
LOAD D:/STM32CubeIDE_1.17.0/STM32CubeIDE/plugins/com.st.stm32cube.ide.mcu.externaltools.gnu-tools-for-stm32.12.3.rel1.win32_1.1.0.202410251130/tools/bin/../lib/gcc/arm-none-eabi/12.3.1/../../../../arm-none-eabi/lib/thumb/v7e-m+fp/hard\libc_nano.a
LOAD D:/STM32CubeIDE_1.17.0/STM32CubeIDE/plugins/com.st.stm32cube.ide.mcu.externaltools.gnu-tools-for-stm32.12.3.rel1.win32_1.1.0.202410251130/tools/bin/../lib/gcc/arm-none-eabi/12.3.1/../../../../arm-none-eabi/lib/thumb/v7e-m+fp/hard\libnosys.a
END GROUP
LOAD D:/STM32CubeIDE_1.17.0/STM32CubeIDE/plugins/com.st.stm32cube.ide.mcu.externaltools.gnu-tools-for-stm32.12.3.rel1.win32_1.1.0.202410251130/tools/bin/../lib/gcc/arm-none-eabi/12.3.1/thumb/v7e-m+fp/hard/crtend.o
LOAD D:/STM32CubeIDE_1.17.0/STM32CubeIDE/plugins/com.st.stm32cube.ide.mcu.externaltools.gnu-tools-for-stm32.12.3.rel1.win32_1.1.0.202410251130/tools/bin/../lib/gcc/arm-none-eabi/12.3.1/thumb/v7e-m+fp/hard/crtn.o
                0x20018000                        _estack = (ORIGIN (RAM) + LENGTH (RAM))
                0x00000200                        _Min_Heap_Size = 0x200
                0x00000400                        _Min_Stack_Size = 0x400

.isr_vector     0x08000000      0x194
                0x08000000                        . = ALIGN (0x4)
 *(.isr_vector)
 .isr_vector    0x08000000      0x194 ./Core/Startup/startup_stm32f401retx.o
                0x08000000                g_pfnVectors
                0x08000194                        . = ALIGN (0x4)

.text           0x080001a0     0x8b50
                0x080001a0                        . = ALIGN (0x4)
 *(.text)
 .text          0x080001a0       0x40 D:/STM32CubeIDE_1.17.0/STM32CubeIDE/plugins/com.st.stm32cube.ide.mcu.externaltools.gnu-tools-for-stm32.12.3.rel1.win32_1.1.0.202410251130/tools/bin/../lib/gcc/arm-none-eabi/12.3.1/thumb/v7e-m+fp/hard/crtbegin.o
 .text          0x080001e0       0xa0 D:/STM32CubeIDE_1.17.0/STM32CubeIDE/plugins/com.st.stm32cube.ide.mcu.externaltools.gnu-tools-for-stm32.12.3.rel1.win32_1.1.0.202410251130/tools/bin/../lib/gcc/arm-none-eabi/12.3.1/../../../../arm-none-eabi/lib/thumb/v7e-m+fp/hard\libc_nano.a(libc_a-memchr.o)
                0x080001e0                memchr
 .text          0x08000280       0x30 D:/STM32CubeIDE_1.17.0/STM32CubeIDE/plugins/com.st.stm32cube.ide.mcu.externaltools.gnu-tools-for-stm32.12.3.rel1.win32_1.1.0.202410251130/tools/bin/../lib/gcc/arm-none-eabi/12.3.1/thumb/v7e-m+fp/hard\libgcc.a(_aeabi_uldivmod.o)
                0x08000280                __aeabi_uldivmod
 .text          0x080002b0      0x2bc D:/STM32CubeIDE_1.17.0/STM32CubeIDE/plugins/com.st.stm32cube.ide.mcu.externaltools.gnu-tools-for-stm32.12.3.rel1.win32_1.1.0.202410251130/tools/bin/../lib/gcc/arm-none-eabi/12.3.1/thumb/v7e-m+fp/hard\libgcc.a(_udivmoddi4.o)
                0x080002b0                __udivmoddi4
 .text          0x0800056c        0x4 D:/STM32CubeIDE_1.17.0/STM32CubeIDE/plugins/com.st.stm32cube.ide.mcu.externaltools.gnu-tools-for-stm32.12.3.rel1.win32_1.1.0.202410251130/tools/bin/../lib/gcc/arm-none-eabi/12.3.1/thumb/v7e-m+fp/hard\libgcc.a(_dvmd_tls.o)
                0x0800056c                __aeabi_idiv0
                0x0800056c                __aeabi_ldiv0
 *(.text*)
 .text.DHT22_SetPinOutput
                0x08000570       0x3c ./Core/Src/dht22.o
 .text.DHT22_SetPinInputCapture
                0x080005ac       0x40 ./Core/Src/dht22.o
 .text.DHT22_StopCapture
                0x080005ec       0x24 ./Core/Src/dht22.o
 .text.DHT22_SetError
                0x08000610       0x2c ./Core/Src/dht22.o
 .text.DHT22_ProcessReceivedData
                0x0800063c       0xe4 ./Core/Src/dht22.o
 .text.DHT22_Init
                0x08000720       0x74 ./Core/Src/dht22.o
                0x08000720                DHT22_Init
 .text.DHT22_StartMeasurement
                0x08000794       0xac ./Core/Src/dht22.o
                0x08000794                DHT22_StartMeasurement
 .text.DHT22_Process
                0x08000840      0x12c ./Core/Src/dht22.o
                0x08000840                DHT22_Process
 .text.DHT22_HandleCapture
                0x0800096c      0x1c8 ./Core/Src/dht22.o
                0x0800096c                DHT22_HandleCapture
 .text.DHT22_IsReady
                0x08000b34       0x18 ./Core/Src/dht22.o
                0x08000b34                DHT22_IsReady
 .text.DHT22_GetData
                0x08000b4c       0x2c ./Core/Src/dht22.o
                0x08000b4c                DHT22_GetData
 .text.LightSensor_Init
                0x08000b78       0x3c ./Core/Src/light_sensor.o
                0x08000b78                LightSensor_Init
 .text.LightSensor_StartMeasurement
                0x08000bb4       0x58 ./Core/Src/light_sensor.o
                0x08000bb4                LightSensor_StartMeasurement
 .text.LightSensor_HandleAdcComplete
                0x08000c0c       0x48 ./Core/Src/light_sensor.o
                0x08000c0c                LightSensor_HandleAdcComplete
 .text.LightSensor_IsReady
                0x08000c54       0x18 ./Core/Src/light_sensor.o
                0x08000c54                LightSensor_IsReady
 .text.LightSensor_GetRaw
                0x08000c6c       0x24 ./Core/Src/light_sensor.o
                0x08000c6c                LightSensor_GetRaw
 .text.LightSensor_RawToPercent
                0x08000c90       0x48 ./Core/Src/light_sensor.o
                0x08000c90                LightSensor_RawToPercent
 .text.main     0x08000cd8      0x148 ./Core/Src/main.o
                0x08000cd8                main
 .text.SystemClock_Config
                0x08000e20       0xd8 ./Core/Src/main.o
                0x08000e20                SystemClock_Config
 .text.MX_ADC1_Init
                0x08000ef8       0xa4 ./Core/Src/main.o
 .text.MX_I2C1_Init
                0x08000f9c       0x5c ./Core/Src/main.o
 .text.MX_TIM1_Init
                0x08000ff8       0xe8 ./Core/Src/main.o
 .text.MX_TIM2_Init
                0x080010e0       0x9c ./Core/Src/main.o
 .text.MX_USART2_UART_Init
                0x0800117c       0x54 ./Core/Src/main.o
 .text.MX_GPIO_Init
                0x080011d0      0x108 ./Core/Src/main.o
 .text.HAL_TIM_PeriodElapsedCallback
                0x080012d8       0x28 ./Core/Src/main.o
                0x080012d8                HAL_TIM_PeriodElapsedCallback
 .text.HAL_ADC_ConvCpltCallback
                0x08001300       0x16 ./Core/Src/main.o
                0x08001300                HAL_ADC_ConvCpltCallback
 *fill*         0x08001316        0x2 
 .text.HAL_TIM_IC_CaptureCallback
                0x08001318       0x2c ./Core/Src/main.o
                0x08001318                HAL_TIM_IC_CaptureCallback
 .text.HAL_I2C_MasterTxCpltCallback
                0x08001344       0x24 ./Core/Src/main.o
                0x08001344                HAL_I2C_MasterTxCpltCallback
 .text.HAL_I2C_ErrorCallback
                0x08001368       0x24 ./Core/Src/main.o
                0x08001368                HAL_I2C_ErrorCallback
 .text.HAL_UART_TxCpltCallback
                0x0800138c       0x24 ./Core/Src/main.o
                0x0800138c                HAL_UART_TxCpltCallback
 .text.HAL_UART_ErrorCallback
                0x080013b0       0x24 ./Core/Src/main.o
                0x080013b0                HAL_UART_ErrorCallback
 .text.Error_Handler
                0x080013d4        0xc ./Core/Src/main.o
                0x080013d4                Error_Handler
 .text.OLED_SendCommand
                0x080013e0       0x74 ./Core/Src/oled.o
 .text.OLED_SendBufferChunk
                0x08001454       0xc0 ./Core/Src/oled.o
 .text.OLED_GetCharBitmap
                0x08001514      0x700 ./Core/Src/oled.o
 .text.OLED_DrawUnsignedNumber
                0x08001c14       0xa4 ./Core/Src/oled.o
 .text.OLED_DrawFloat1
                0x08001cb8       0xc8 ./Core/Src/oled.o
 .text.OLED_GetStatusText
                0x08001d80       0x58 ./Core/Src/oled.o
 .text.OLED_Init
                0x08001dd8       0x74 ./Core/Src/oled.o
                0x08001dd8                OLED_Init
 .text.OLED_Process
                0x08001e4c      0x150 ./Core/Src/oled.o
                0x08001e4c                OLED_Process
 .text.OLED_IsReady
                0x08001f9c       0x20 ./Core/Src/oled.o
                0x08001f9c                OLED_IsReady
 .text.OLED_Clear
                0x08001fbc       0x18 ./Core/Src/oled.o
                0x08001fbc                OLED_Clear
 .text.OLED_DrawPixel
                0x08001fd4       0x88 ./Core/Src/oled.o
                0x08001fd4                OLED_DrawPixel
 .text.OLED_DrawChar
                0x0800205c       0x80 ./Core/Src/oled.o
                0x0800205c                OLED_DrawChar
 .text.OLED_DrawString
                0x080020dc       0x3e ./Core/Src/oled.o
                0x080020dc                OLED_DrawString
 *fill*         0x0800211a        0x2 
 .text.OLED_Update
                0x0800211c       0x3c ./Core/Src/oled.o
                0x0800211c                OLED_Update
 .text.OLED_ShowData
                0x08002158       0xe8 ./Core/Src/oled.o
                0x08002158                OLED_ShowData
 .text.OLED_HandleTxComplete
                0x08002240       0x30 ./Core/Src/oled.o
                0x08002240                OLED_HandleTxComplete
 .text.OLED_HandleError
                0x08002270       0x30 ./Core/Src/oled.o
                0x08002270                OLED_HandleError
 .text.Status_EvaluateTemperature
                0x080022a0       0x6c ./Core/Src/status.o
 .text.Status_EvaluateHumidity
                0x0800230c       0x74 ./Core/Src/status.o
 .text.Status_EvaluateLight
                0x08002380       0x36 ./Core/Src/status.o
 .text.Status_Evaluate
                0x080023b6       0x90 ./Core/Src/status.o
                0x080023b6                Status_Evaluate
 *fill*         0x08002446        0x2 
 .text.StatusLed_AllOff
                0x08002448       0x18 ./Core/Src/status_led.o
 .text.StatusLed_Init
                0x08002460        0xc ./Core/Src/status_led.o
                0x08002460                StatusLed_Init
 .text.StatusLed_Set
                0x0800246c       0x54 ./Core/Src/status_led.o
                0x0800246c                StatusLed_Set
 .text.HAL_MspInit
                0x080024c0       0x50 ./Core/Src/stm32f4xx_hal_msp.o
                0x080024c0                HAL_MspInit
 .text.HAL_ADC_MspInit
                0x08002510       0x98 ./Core/Src/stm32f4xx_hal_msp.o
                0x08002510                HAL_ADC_MspInit
 .text.HAL_I2C_MspInit
                0x080025a8       0xb0 ./Core/Src/stm32f4xx_hal_msp.o
                0x080025a8                HAL_I2C_MspInit
 .text.HAL_TIM_Base_MspInit
                0x08002658       0xd8 ./Core/Src/stm32f4xx_hal_msp.o
                0x08002658                HAL_TIM_Base_MspInit
 .text.HAL_UART_MspInit
                0x08002730       0xa0 ./Core/Src/stm32f4xx_hal_msp.o
                0x08002730                HAL_UART_MspInit
 .text.NMI_Handler
                0x080027d0        0x8 ./Core/Src/stm32f4xx_it.o
                0x080027d0                NMI_Handler
 .text.HardFault_Handler
                0x080027d8        0x8 ./Core/Src/stm32f4xx_it.o
                0x080027d8                HardFault_Handler
 .text.MemManage_Handler
                0x080027e0        0x8 ./Core/Src/stm32f4xx_it.o
                0x080027e0                MemManage_Handler
 .text.BusFault_Handler
                0x080027e8        0x8 ./Core/Src/stm32f4xx_it.o
                0x080027e8                BusFault_Handler
 .text.UsageFault_Handler
                0x080027f0        0x8 ./Core/Src/stm32f4xx_it.o
                0x080027f0                UsageFault_Handler
 .text.SVC_Handler
                0x080027f8        0xe ./Core/Src/stm32f4xx_it.o
                0x080027f8                SVC_Handler
 .text.DebugMon_Handler
                0x08002806        0xe ./Core/Src/stm32f4xx_it.o
                0x08002806                DebugMon_Handler
 .text.PendSV_Handler
                0x08002814        0xe ./Core/Src/stm32f4xx_it.o
                0x08002814                PendSV_Handler
 .text.SysTick_Handler
                0x08002822        0xc ./Core/Src/stm32f4xx_it.o
                0x08002822                SysTick_Handler
 *fill*         0x0800282e        0x2 
 .text.ADC_IRQHandler
                0x08002830       0x14 ./Core/Src/stm32f4xx_it.o
                0x08002830                ADC_IRQHandler
 .text.TIM1_CC_IRQHandler
                0x08002844       0x14 ./Core/Src/stm32f4xx_it.o
                0x08002844                TIM1_CC_IRQHandler
 .text.TIM2_IRQHandler
                0x08002858       0x14 ./Core/Src/stm32f4xx_it.o
                0x08002858                TIM2_IRQHandler
 .text.I2C1_EV_IRQHandler
                0x0800286c       0x14 ./Core/Src/stm32f4xx_it.o
                0x0800286c                I2C1_EV_IRQHandler
 .text.I2C1_ER_IRQHandler
                0x08002880       0x14 ./Core/Src/stm32f4xx_it.o
                0x08002880                I2C1_ER_IRQHandler
 .text.USART2_IRQHandler
                0x08002894       0x14 ./Core/Src/stm32f4xx_it.o
                0x08002894                USART2_IRQHandler
 .text._sbrk    0x080028a8       0x6c ./Core/Src/sysmem.o
                0x080028a8                _sbrk
 .text.SystemInit
                0x08002914       0x24 ./Core/Src/system_stm32f4xx.o
                0x08002914                SystemInit
 .text.Telemetry_GetStatusText
                0x08002938       0x58 ./Core/Src/telemetry.o
 .text.Telemetry_Init
                0x08002990       0x28 ./Core/Src/telemetry.o
                0x08002990                Telemetry_Init
 .text.Telemetry_Send
                0x080029b8      0x180 ./Core/Src/telemetry.o
                0x080029b8                Telemetry_Send
 .text.Telemetry_HandleTxComplete
                0x08002b38       0x30 ./Core/Src/telemetry.o
                0x08002b38                Telemetry_HandleTxComplete
 .text.Telemetry_HandleError
                0x08002b68       0x30 ./Core/Src/telemetry.o
                0x08002b68                Telemetry_HandleError
 .text.Reset_Handler
                0x08002b98       0x50 ./Core/Startup/startup_stm32f401retx.o
                0x08002b98                Reset_Handler
 .text.Default_Handler
                0x08002be8        0x2 ./Core/Startup/startup_stm32f401retx.o
                0x08002be8                RTC_Alarm_IRQHandler
                0x08002be8                EXTI2_IRQHandler
                0x08002be8                SPI4_IRQHandler
                0x08002be8                DMA2_Stream5_IRQHandler
                0x08002be8                DMA1_Stream5_IRQHandler
                0x08002be8                PVD_IRQHandler
                0x08002be8                SDIO_IRQHandler
                0x08002be8                TAMP_STAMP_IRQHandler
                0x08002be8                EXTI3_IRQHandler
                0x08002be8                TIM1_UP_TIM10_IRQHandler
                0x08002be8                I2C3_ER_IRQHandler
                0x08002be8                EXTI0_IRQHandler
                0x08002be8                I2C2_EV_IRQHandler
                0x08002be8                DMA1_Stream2_IRQHandler
                0x08002be8                FPU_IRQHandler
                0x08002be8                DMA2_Stream2_IRQHandler
                0x08002be8                SPI1_IRQHandler
                0x08002be8                TIM1_BRK_TIM9_IRQHandler
                0x08002be8                DMA2_Stream3_IRQHandler
                0x08002be8                USART6_IRQHandler
                0x08002be8                DMA2_Stream0_IRQHandler
                0x08002be8                TIM4_IRQHandler
                0x08002be8                DMA1_Stream6_IRQHandler
                0x08002be8                DMA1_Stream1_IRQHandler
                0x08002be8                TIM3_IRQHandler
                0x08002be8                RCC_IRQHandler
                0x08002be8                Default_Handler
                0x08002be8                EXTI15_10_IRQHandler
                0x08002be8                DMA1_Stream7_IRQHandler
                0x08002be8                TIM5_IRQHandler
                0x08002be8                DMA2_Stream7_IRQHandler
                0x08002be8                I2C3_EV_IRQHandler
                0x08002be8                EXTI9_5_IRQHandler
                0x08002be8                RTC_WKUP_IRQHandler
                0x08002be8                SPI2_IRQHandler
                0x08002be8                DMA1_Stream0_IRQHandler
                0x08002be8                EXTI4_IRQHandler
                0x08002be8                WWDG_IRQHandler
                0x08002be8                OTG_FS_WKUP_IRQHandler
                0x08002be8                TIM1_TRG_COM_TIM11_IRQHandler
                0x08002be8                EXTI1_IRQHandler
                0x08002be8                I2C2_ER_IRQHandler
                0x08002be8                DMA2_Stream1_IRQHandler
                0x08002be8                FLASH_IRQHandler
                0x08002be8                DMA2_Stream4_IRQHandler
                0x08002be8                USART1_IRQHandler
                0x08002be8                OTG_FS_IRQHandler
                0x08002be8                SPI3_IRQHandler
                0x08002be8                DMA1_Stream4_IRQHandler
                0x08002be8                DMA2_Stream6_IRQHandler
                0x08002be8                DMA1_Stream3_IRQHandler
 *fill*         0x08002bea        0x2 
 .text.HAL_Init
                0x08002bec       0x44 ./Drivers/STM32F4xx_HAL_Driver/Src/stm32f4xx_hal.o
                0x08002bec                HAL_Init
 .text.HAL_InitTick
                0x08002c30       0x60 ./Drivers/STM32F4xx_HAL_Driver/Src/stm32f4xx_hal.o
                0x08002c30                HAL_InitTick
 .text.HAL_IncTick
                0x08002c90       0x28 ./Drivers/STM32F4xx_HAL_Driver/Src/stm32f4xx_hal.o
                0x08002c90                HAL_IncTick
 .text.HAL_GetTick
                0x08002cb8       0x18 ./Drivers/STM32F4xx_HAL_Driver/Src/stm32f4xx_hal.o
                0x08002cb8                HAL_GetTick
 .text.HAL_ADC_Init
                0x08002cd0       0x86 ./Drivers/STM32F4xx_HAL_Driver/Src/stm32f4xx_hal_adc.o
                0x08002cd0                HAL_ADC_Init
 *fill*         0x08002d56        0x2 
 .text.HAL_ADC_Start_IT
                0x08002d58      0x17c ./Drivers/STM32F4xx_HAL_Driver/Src/stm32f4xx_hal_adc.o
                0x08002d58                HAL_ADC_Start_IT
 .text.HAL_ADC_IRQHandler
                0x08002ed4      0x220 ./Drivers/STM32F4xx_HAL_Driver/Src/stm32f4xx_hal_adc.o
                0x08002ed4                HAL_ADC_IRQHandler
 .text.HAL_ADC_GetValue
                0x080030f4       0x1a ./Drivers/STM32F4xx_HAL_Driver/Src/stm32f4xx_hal_adc.o
                0x080030f4                HAL_ADC_GetValue
 .text.HAL_ADC_LevelOutOfWindowCallback
                0x0800310e       0x14 ./Drivers/STM32F4xx_HAL_Driver/Src/stm32f4xx_hal_adc.o
                0x0800310e                HAL_ADC_LevelOutOfWindowCallback
 .text.HAL_ADC_ErrorCallback
                0x08003122       0x14 ./Drivers/STM32F4xx_HAL_Driver/Src/stm32f4xx_hal_adc.o
                0x08003122                HAL_ADC_ErrorCallback
 *fill*         0x08003136        0x2 
 .text.HAL_ADC_ConfigChannel
                0x08003138      0x244 ./Drivers/STM32F4xx_HAL_Driver/Src/stm32f4xx_hal_adc.o
                0x08003138                HAL_ADC_ConfigChannel
 .text.ADC_Init
                0x0800337c      0x1f8 ./Drivers/STM32F4xx_HAL_Driver/Src/stm32f4xx_hal_adc.o
 .text.HAL_ADCEx_InjectedConvCpltCallback
                0x08003574       0x14 ./Drivers/STM32F4xx_HAL_Driver/Src/stm32f4xx_hal_adc_ex.o
                0x08003574                HAL_ADCEx_InjectedConvCpltCallback
 .text.__NVIC_SetPriorityGrouping
                0x08003588       0x48 ./Drivers/STM32F4xx_HAL_Driver/Src/stm32f4xx_hal_cortex.o
 .text.__NVIC_GetPriorityGrouping
                0x080035d0       0x1c ./Drivers/STM32F4xx_HAL_Driver/Src/stm32f4xx_hal_cortex.o
 .text.__NVIC_EnableIRQ
                0x080035ec       0x3c ./Drivers/STM32F4xx_HAL_Driver/Src/stm32f4xx_hal_cortex.o
 .text.__NVIC_SetPriority
                0x08003628       0x54 ./Drivers/STM32F4xx_HAL_Driver/Src/stm32f4xx_hal_cortex.o
 .text.NVIC_EncodePriority
                0x0800367c       0x66 ./Drivers/STM32F4xx_HAL_Driver/Src/stm32f4xx_hal_cortex.o
 *fill*         0x080036e2        0x2 
 .text.SysTick_Config
                0x080036e4       0x44 ./Drivers/STM32F4xx_HAL_Driver/Src/stm32f4xx_hal_cortex.o
 .text.HAL_NVIC_SetPriorityGrouping
                0x08003728       0x16 ./Drivers/STM32F4xx_HAL_Driver/Src/stm32f4xx_hal_cortex.o
                0x08003728                HAL_NVIC_SetPriorityGrouping
 .text.HAL_NVIC_SetPriority
                0x0800373e       0x38 ./Drivers/STM32F4xx_HAL_Driver/Src/stm32f4xx_hal_cortex.o
                0x0800373e                HAL_NVIC_SetPriority
 .text.HAL_NVIC_EnableIRQ
                0x08003776       0x1c ./Drivers/STM32F4xx_HAL_Driver/Src/stm32f4xx_hal_cortex.o
                0x08003776                HAL_NVIC_EnableIRQ
 .text.HAL_SYSTICK_Config
                0x08003792       0x18 ./Drivers/STM32F4xx_HAL_Driver/Src/stm32f4xx_hal_cortex.o
                0x08003792                HAL_SYSTICK_Config
 .text.HAL_DMA_Abort
                0x080037aa       0xe0 ./Drivers/STM32F4xx_HAL_Driver/Src/stm32f4xx_hal_dma.o
                0x080037aa                HAL_DMA_Abort
 .text.HAL_DMA_Abort_IT
                0x0800388a       0x44 ./Drivers/STM32F4xx_HAL_Driver/Src/stm32f4xx_hal_dma.o
                0x0800388a                HAL_DMA_Abort_IT
 .text.HAL_DMA_GetState
                0x080038ce       0x1c ./Drivers/STM32F4xx_HAL_Driver/Src/stm32f4xx_hal_dma.o
                0x080038ce                HAL_DMA_GetState
 *fill*         0x080038ea        0x2 
 .text.HAL_GPIO_Init
                0x080038ec      0x308 ./Drivers/STM32F4xx_HAL_Driver/Src/stm32f4xx_hal_gpio.o
                0x080038ec                HAL_GPIO_Init
 .text.HAL_GPIO_WritePin
                0x08003bf4       0x32 ./Drivers/STM32F4xx_HAL_Driver/Src/stm32f4xx_hal_gpio.o
                0x08003bf4                HAL_GPIO_WritePin
 *fill*         0x08003c26        0x2 
 .text.HAL_I2C_Init
                0x08003c28      0x288 ./Drivers/STM32F4xx_HAL_Driver/Src/stm32f4xx_hal_i2c.o
                0x08003c28                HAL_I2C_Init
 .text.I2C_Flush_DR
                0x08003eb0       0x2a ./Drivers/STM32F4xx_HAL_Driver/Src/stm32f4xx_hal_i2c.o
 *fill*         0x08003eda        0x2 
 .text.HAL_I2C_Master_Transmit_IT
                0x08003edc      0x144 ./Drivers/STM32F4xx_HAL_Driver/Src/stm32f4xx_hal_i2c.o
                0x08003edc                HAL_I2C_Master_Transmit_IT
 .text.HAL_I2C_EV_IRQHandler
                0x08004020      0x2a6 ./Drivers/STM32F4xx_HAL_Driver/Src/stm32f4xx_hal_i2c.o
                0x08004020                HAL_I2C_EV_IRQHandler
 .text.HAL_I2C_ER_IRQHandler
                0x080042c6      0x13e ./Drivers/STM32F4xx_HAL_Driver/Src/stm32f4xx_hal_i2c.o
                0x080042c6                HAL_I2C_ER_IRQHandler
 .text.HAL_I2C_MasterRxCpltCallback
                0x08004404       0x14 ./Drivers/STM32F4xx_HAL_Driver/Src/stm32f4xx_hal_i2c.o
                0x08004404                HAL_I2C_MasterRxCpltCallback
 .text.HAL_I2C_SlaveTxCpltCallback
                0x08004418       0x14 ./Drivers/STM32F4xx_HAL_Driver/Src/stm32f4xx_hal_i2c.o
                0x08004418                HAL_I2C_SlaveTxCpltCallback
 .text.HAL_I2C_SlaveRxCpltCallback
                0x0800442c       0x14 ./Drivers/STM32F4xx_HAL_Driver/Src/stm32f4xx_hal_i2c.o
                0x0800442c                HAL_I2C_SlaveRxCpltCallback
 .text.HAL_I2C_AddrCallback
                0x08004440       0x1c ./Drivers/STM32F4xx_HAL_Driver/Src/stm32f4xx_hal_i2c.o
                0x08004440                HAL_I2C_AddrCallback
 .text.HAL_I2C_ListenCpltCallback
                0x0800445c       0x14 ./Drivers/STM32F4xx_HAL_Driver/Src/stm32f4xx_hal_i2c.o
                0x0800445c                HAL_I2C_ListenCpltCallback
 .text.HAL_I2C_MemTxCpltCallback
                0x08004470       0x14 ./Drivers/STM32F4xx_HAL_Driver/Src/stm32f4xx_hal_i2c.o
                0x08004470                HAL_I2C_MemTxCpltCallback
 .text.HAL_I2C_MemRxCpltCallback
                0x08004484       0x14 ./Drivers/STM32F4xx_HAL_Driver/Src/stm32f4xx_hal_i2c.o
                0x08004484                HAL_I2C_MemRxCpltCallback
 .text.HAL_I2C_AbortCpltCallback
                0x08004498       0x14 ./Drivers/STM32F4xx_HAL_Driver/Src/stm32f4xx_hal_i2c.o
                0x08004498                HAL_I2C_AbortCpltCallback
 .text.HAL_I2C_GetState
                0x080044ac       0x1c ./Drivers/STM32F4xx_HAL_Driver/Src/stm32f4xx_hal_i2c.o
                0x080044ac                HAL_I2C_GetState
 .text.I2C_MasterTransmit_TXE
                0x080044c8      0x138 ./Drivers/STM32F4xx_HAL_Driver/Src/stm32f4xx_hal_i2c.o
 .text.I2C_MasterTransmit_BTF
                0x08004600       0xec ./Drivers/STM32F4xx_HAL_Driver/Src/stm32f4xx_hal_i2c.o
 .text.I2C_MemoryTransmit_TXE_BTF
                0x080046ec      0x130 ./Drivers/STM32F4xx_HAL_Driver/Src/stm32f4xx_hal_i2c.o
 .text.I2C_MasterReceive_RXNE
                0x0800481c      0x190 ./Drivers/STM32F4xx_HAL_Driver/Src/stm32f4xx_hal_i2c.o
 .text.I2C_MasterReceive_BTF
                0x080049ac      0x1e2 ./Drivers/STM32F4xx_HAL_Driver/Src/stm32f4xx_hal_i2c.o
 .text.I2C_Master_SB
                0x08004b8e      0x10c ./Drivers/STM32F4xx_HAL_Driver/Src/stm32f4xx_hal_i2c.o
 .text.I2C_Master_ADD10
                0x08004c9a       0x54 ./Drivers/STM32F4xx_HAL_Driver/Src/stm32f4xx_hal_i2c.o
 .text.I2C_Master_ADDR
                0x08004cee      0x322 ./Drivers/STM32F4xx_HAL_Driver/Src/stm32f4xx_hal_i2c.o
 .text.I2C_SlaveTransmit_TXE
                0x08005010       0x7a ./Drivers/STM32F4xx_HAL_Driver/Src/stm32f4xx_hal_i2c.o
 .text.I2C_SlaveTransmit_BTF
                0x0800508a       0x42 ./Drivers/STM32F4xx_HAL_Driver/Src/stm32f4xx_hal_i2c.o
 .text.I2C_SlaveReceive_RXNE
                0x080050cc       0x7c ./Drivers/STM32F4xx_HAL_Driver/Src/stm32f4xx_hal_i2c.o
 .text.I2C_SlaveReceive_BTF
                0x08005148       0x44 ./Drivers/STM32F4xx_HAL_Driver/Src/stm32f4xx_hal_i2c.o
 .text.I2C_Slave_ADDR
                0x0800518c       0x90 ./Drivers/STM32F4xx_HAL_Driver/Src/stm32f4xx_hal_i2c.o
 .text.I2C_Slave_STOPF
                0x0800521c      0x260 ./Drivers/STM32F4xx_HAL_Driver/Src/stm32f4xx_hal_i2c.o
 .text.I2C_Slave_AF
                0x0800547c       0xe8 ./Drivers/STM32F4xx_HAL_Driver/Src/stm32f4xx_hal_i2c.o
 .text.I2C_ITError
                0x08005564      0x264 ./Drivers/STM32F4xx_HAL_Driver/Src/stm32f4xx_hal_i2c.o
 .text.I2C_DMAAbort
                0x080057c8      0x150 ./Drivers/STM32F4xx_HAL_Driver/Src/stm32f4xx_hal_i2c.o
 .text.I2C_WaitOnSTOPRequestThroughIT
                0x08005918       0x64 ./Drivers/STM32F4xx_HAL_Driver/Src/stm32f4xx_hal_i2c.o
 .text.I2C_ConvertOtherXferOptions
                0x0800597c       0x36 ./Drivers/STM32F4xx_HAL_Driver/Src/stm32f4xx_hal_i2c.o
 *fill*         0x080059b2        0x2 
 .text.HAL_RCC_OscConfig
                0x080059b4      0x4f0 ./Drivers/STM32F4xx_HAL_Driver/Src/stm32f4xx_hal_rcc.o
                0x080059b4                HAL_RCC_OscConfig
 .text.HAL_RCC_ClockConfig
                0x08005ea4      0x1cc ./Drivers/STM32F4xx_HAL_Driver/Src/stm32f4xx_hal_rcc.o
                0x08005ea4                HAL_RCC_ClockConfig
 .text.HAL_RCC_GetSysClockFreq
                0x08006070      0x20c ./Drivers/STM32F4xx_HAL_Driver/Src/stm32f4xx_hal_rcc.o
                0x08006070                HAL_RCC_GetSysClockFreq
 .text.HAL_RCC_GetHCLKFreq
                0x0800627c       0x18 ./Drivers/STM32F4xx_HAL_Driver/Src/stm32f4xx_hal_rcc.o
                0x0800627c                HAL_RCC_GetHCLKFreq
 .text.HAL_RCC_GetPCLK1Freq
                0x08006294       0x28 ./Drivers/STM32F4xx_HAL_Driver/Src/stm32f4xx_hal_rcc.o
                0x08006294                HAL_RCC_GetPCLK1Freq
 .text.HAL_RCC_GetPCLK2Freq
                0x080062bc       0x28 ./Drivers/STM32F4xx_HAL_Driver/Src/stm32f4xx_hal_rcc.o
                0x080062bc                HAL_RCC_GetPCLK2Freq
 .text.HAL_TIM_Base_Init
                0x080062e4       0x9e ./Drivers/STM32F4xx_HAL_Driver/Src/stm32f4xx_hal_tim.o
                0x080062e4                HAL_TIM_Base_Init
 *fill*         0x08006382        0x2 
 .text.HAL_TIM_Base_Start
                0x08006384       0xb4 ./Drivers/STM32F4xx_HAL_Driver/Src/stm32f4xx_hal_tim.o
                0x08006384                HAL_TIM_Base_Start
 .text.HAL_TIM_Base_Stop
                0x08006438       0x4e ./Drivers/STM32F4xx_HAL_Driver/Src/stm32f4xx_hal_tim.o
                0x08006438                HAL_TIM_Base_Stop
 *fill*         0x08006486        0x2 
 .text.HAL_TIM_Base_Start_IT
                0x08006488       0xc4 ./Drivers/STM32F4xx_HAL_Driver/Src/stm32f4xx_hal_tim.o
                0x08006488                HAL_TIM_Base_Start_IT
 .text.HAL_TIM_IC_Init
                0x0800654c       0x9e ./Drivers/STM32F4xx_HAL_Driver/Src/stm32f4xx_hal_tim.o
                0x0800654c                HAL_TIM_IC_Init
 .text.HAL_TIM_IC_MspInit
                0x080065ea       0x14 ./Drivers/STM32F4xx_HAL_Driver/Src/stm32f4xx_hal_tim.o
                0x080065ea                HAL_TIM_IC_MspInit
 *fill*         0x080065fe        0x2 
 .text.HAL_TIM_IC_Start_IT
                0x08006600      0x234 ./Drivers/STM32F4xx_HAL_Driver/Src/stm32f4xx_hal_tim.o
                0x08006600                HAL_TIM_IC_Start_IT
 .text.HAL_TIM_IC_Stop_IT
                0x08006834      0x15c ./Drivers/STM32F4xx_HAL_Driver/Src/stm32f4xx_hal_tim.o
                0x08006834                HAL_TIM_IC_Stop_IT
 .text.HAL_TIM_IRQHandler
                0x08006990      0x1e0 ./Drivers/STM32F4xx_HAL_Driver/Src/stm32f4xx_hal_tim.o
                0x08006990                HAL_TIM_IRQHandler
 .text.HAL_TIM_IC_ConfigChannel
                0x08006b70      0x138 ./Drivers/STM32F4xx_HAL_Driver/Src/stm32f4xx_hal_tim.o
                0x08006b70                HAL_TIM_IC_ConfigChannel
 .text.HAL_TIM_ConfigClockSource
                0x08006ca8      0x18e ./Drivers/STM32F4xx_HAL_Driver/Src/stm32f4xx_hal_tim.o
                0x08006ca8                HAL_TIM_ConfigClockSource
 *fill*         0x08006e36        0x2 
 .text.HAL_TIM_ReadCapturedValue
                0x08006e38       0x88 ./Drivers/STM32F4xx_HAL_Driver/Src/stm32f4xx_hal_tim.o
                0x08006e38                HAL_TIM_ReadCapturedValue
 .text.HAL_TIM_OC_DelayElapsedCallback
                0x08006ec0       0x14 ./Drivers/STM32F4xx_HAL_Driver/Src/stm32f4xx_hal_tim.o
                0x08006ec0                HAL_TIM_OC_DelayElapsedCallback
 .text.HAL_TIM_PWM_PulseFinishedCallback
                0x08006ed4       0x14 ./Drivers/STM32F4xx_HAL_Driver/Src/stm32f4xx_hal_tim.o
                0x08006ed4                HAL_TIM_PWM_PulseFinishedCallback
 .text.HAL_TIM_TriggerCallback
                0x08006ee8       0x14 ./Drivers/STM32F4xx_HAL_Driver/Src/stm32f4xx_hal_tim.o
                0x08006ee8                HAL_TIM_TriggerCallback
 .text.TIM_Base_SetConfig
                0x08006efc      0x10c ./Drivers/STM32F4xx_HAL_Driver/Src/stm32f4xx_hal_tim.o
                0x08006efc                TIM_Base_SetConfig
 .text.TIM_TI1_SetConfig
                0x08007008       0xd0 ./Drivers/STM32F4xx_HAL_Driver/Src/stm32f4xx_hal_tim.o
                0x08007008                TIM_TI1_SetConfig
 .text.TIM_TI1_ConfigInputStage
                0x080070d8       0x5e ./Drivers/STM32F4xx_HAL_Driver/Src/stm32f4xx_hal_tim.o
 .text.TIM_TI2_SetConfig
                0x08007136       0x7a ./Drivers/STM32F4xx_HAL_Driver/Src/stm32f4xx_hal_tim.o
 .text.TIM_TI2_ConfigInputStage
                0x080071b0       0x60 ./Drivers/STM32F4xx_HAL_Driver/Src/stm32f4xx_hal_tim.o
 .text.TIM_TI3_SetConfig
                0x08007210       0x78 ./Drivers/STM32F4xx_HAL_Driver/Src/stm32f4xx_hal_tim.o
 .text.TIM_TI4_SetConfig
                0x08007288       0x7a ./Drivers/STM32F4xx_HAL_Driver/Src/stm32f4xx_hal_tim.o
 .text.TIM_ITRx_SetConfig
                0x08007302       0x36 ./Drivers/STM32F4xx_HAL_Driver/Src/stm32f4xx_hal_tim.o
 .text.TIM_ETR_SetConfig
                0x08007338       0x40 ./Drivers/STM32F4xx_HAL_Driver/Src/stm32f4xx_hal_tim.o
                0x08007338                TIM_ETR_SetConfig
 .text.TIM_CCxChannelCmd
                0x08007378       0x4a ./Drivers/STM32F4xx_HAL_Driver/Src/stm32f4xx_hal_tim.o
                0x08007378                TIM_CCxChannelCmd
 *fill*         0x080073c2        0x2 
 .text.HAL_TIMEx_MasterConfigSynchronization
                0x080073c4       0xdc ./Drivers/STM32F4xx_HAL_Driver/Src/stm32f4xx_hal_tim_ex.o
                0x080073c4                HAL_TIMEx_MasterConfigSynchronization
 .text.HAL_TIMEx_CommutCallback
                0x080074a0       0x14 ./Drivers/STM32F4xx_HAL_Driver/Src/stm32f4xx_hal_tim_ex.o
                0x080074a0                HAL_TIMEx_CommutCallback
 .text.HAL_TIMEx_BreakCallback
                0x080074b4       0x14 ./Drivers/STM32F4xx_HAL_Driver/Src/stm32f4xx_hal_tim_ex.o
                0x080074b4                HAL_TIMEx_BreakCallback
 .text.HAL_UART_Init
                0x080074c8       0xa0 ./Drivers/STM32F4xx_HAL_Driver/Src/stm32f4xx_hal_uart.o
                0x080074c8                HAL_UART_Init
 .text.HAL_UART_Transmit_IT
                0x08007568       0x6c ./Drivers/STM32F4xx_HAL_Driver/Src/stm32f4xx_hal_uart.o
                0x08007568                HAL_UART_Transmit_IT
 .text.HAL_UART_IRQHandler
                0x080075d4      0x554 ./Drivers/STM32F4xx_HAL_Driver/Src/stm32f4xx_hal_uart.o
                0x080075d4                HAL_UART_IRQHandler
 .text.HAL_UART_RxCpltCallback
                0x08007b28       0x14 ./Drivers/STM32F4xx_HAL_Driver/Src/stm32f4xx_hal_uart.o
                0x08007b28                HAL_UART_RxCpltCallback
 .text.HAL_UARTEx_RxEventCallback
                0x08007b3c       0x18 ./Drivers/STM32F4xx_HAL_Driver/Src/stm32f4xx_hal_uart.o
                0x08007b3c                HAL_UARTEx_RxEventCallback
 .text.UART_EndRxTransfer
                0x08007b54       0xc6 ./Drivers/STM32F4xx_HAL_Driver/Src/stm32f4xx_hal_uart.o
 .text.UART_DMAAbortOnError
                0x08007c1a       0x22 ./Drivers/STM32F4xx_HAL_Driver/Src/stm32f4xx_hal_uart.o
 .text.UART_Transmit_IT
                0x08007c3c       0xa0 ./Drivers/STM32F4xx_HAL_Driver/Src/stm32f4xx_hal_uart.o
 .text.UART_EndTransmit_IT
                0x08007cdc       0x30 ./Drivers/STM32F4xx_HAL_Driver/Src/stm32f4xx_hal_uart.o
 .text.UART_Receive_IT
                0x08007d0c      0x17c ./Drivers/STM32F4xx_HAL_Driver/Src/stm32f4xx_hal_uart.o
 .text.UART_SetConfig
                0x08007e88      0x4e8 ./Drivers/STM32F4xx_HAL_Driver/Src/stm32f4xx_hal_uart.o
 .text.snprintf
                0x08008370       0x68 D:/STM32CubeIDE_1.17.0/STM32CubeIDE/plugins/com.st.stm32cube.ide.mcu.externaltools.gnu-tools-for-stm32.12.3.rel1.win32_1.1.0.202410251130/tools/bin/../lib/gcc/arm-none-eabi/12.3.1/../../../../arm-none-eabi/lib/thumb/v7e-m+fp/hard\libc_nano.a(libc_a-snprintf.o)
                0x08008370                sniprintf
                0x08008370                snprintf
 .text.memset   0x080083d8       0x10 D:/STM32CubeIDE_1.17.0/STM32CubeIDE/plugins/com.st.stm32cube.ide.mcu.externaltools.gnu-tools-for-stm32.12.3.rel1.win32_1.1.0.202410251130/tools/bin/../lib/gcc/arm-none-eabi/12.3.1/../../../../arm-none-eabi/lib/thumb/v7e-m+fp/hard\libc_nano.a(libc_a-memset.o)
                0x080083d8                memset
 .text.__errno  0x080083e8        0xc D:/STM32CubeIDE_1.17.0/STM32CubeIDE/plugins/com.st.stm32cube.ide.mcu.externaltools.gnu-tools-for-stm32.12.3.rel1.win32_1.1.0.202410251130/tools/bin/../lib/gcc/arm-none-eabi/12.3.1/../../../../arm-none-eabi/lib/thumb/v7e-m+fp/hard\libc_nano.a(libc_a-errno.o)
                0x080083e8                __errno
 .text.__libc_init_array
                0x080083f4       0x48 D:/STM32CubeIDE_1.17.0/STM32CubeIDE/plugins/com.st.stm32cube.ide.mcu.externaltools.gnu-tools-for-stm32.12.3.rel1.win32_1.1.0.202410251130/tools/bin/../lib/gcc/arm-none-eabi/12.3.1/../../../../arm-none-eabi/lib/thumb/v7e-m+fp/hard\libc_nano.a(libc_a-init.o)
                0x080083f4                __libc_init_array
 .text.__retarget_lock_acquire_recursive
                0x0800843c        0x2 D:/STM32CubeIDE_1.17.0/STM32CubeIDE/plugins/com.st.stm32cube.ide.mcu.externaltools.gnu-tools-for-stm32.12.3.rel1.win32_1.1.0.202410251130/tools/bin/../lib/gcc/arm-none-eabi/12.3.1/../../../../arm-none-eabi/lib/thumb/v7e-m+fp/hard\libc_nano.a(libc_a-lock.o)
                0x0800843c                __retarget_lock_acquire_recursive
 .text.__retarget_lock_release_recursive
                0x0800843e        0x2 D:/STM32CubeIDE_1.17.0/STM32CubeIDE/plugins/com.st.stm32cube.ide.mcu.externaltools.gnu-tools-for-stm32.12.3.rel1.win32_1.1.0.202410251130/tools/bin/../lib/gcc/arm-none-eabi/12.3.1/../../../../arm-none-eabi/lib/thumb/v7e-m+fp/hard\libc_nano.a(libc_a-lock.o)
                0x0800843e                __retarget_lock_release_recursive
 .text.memcpy   0x08008440       0x1c D:/STM32CubeIDE_1.17.0/STM32CubeIDE/plugins/com.st.stm32cube.ide.mcu.externaltools.gnu-tools-for-stm32.12.3.rel1.win32_1.1.0.202410251130/tools/bin/../lib/gcc/arm-none-eabi/12.3.1/../../../../arm-none-eabi/lib/thumb/v7e-m+fp/hard\libc_nano.a(libc_a-memcpy-stub.o)
                0x08008440                memcpy
 .text._free_r  0x0800845c       0x94 D:/STM32CubeIDE_1.17.0/STM32CubeIDE/plugins/com.st.stm32cube.ide.mcu.externaltools.gnu-tools-for-stm32.12.3.rel1.win32_1.1.0.202410251130/tools/bin/../lib/gcc/arm-none-eabi/12.3.1/../../../../arm-none-eabi/lib/thumb/v7e-m+fp/hard\libc_nano.a(libc_a-freer.o)
                0x0800845c                _free_r
 .text.sbrk_aligned
                0x080084f0       0x44 D:/STM32CubeIDE_1.17.0/STM32CubeIDE/plugins/com.st.stm32cube.ide.mcu.externaltools.gnu-tools-for-stm32.12.3.rel1.win32_1.1.0.202410251130/tools/bin/../lib/gcc/arm-none-eabi/12.3.1/../../../../arm-none-eabi/lib/thumb/v7e-m+fp/hard\libc_nano.a(libc_a-mallocr.o)
 .text._malloc_r
                0x08008534      0x100 D:/STM32CubeIDE_1.17.0/STM32CubeIDE/plugins/com.st.stm32cube.ide.mcu.externaltools.gnu-tools-for-stm32.12.3.rel1.win32_1.1.0.202410251130/tools/bin/../lib/gcc/arm-none-eabi/12.3.1/../../../../arm-none-eabi/lib/thumb/v7e-m+fp/hard\libc_nano.a(libc_a-mallocr.o)
                0x08008534                _malloc_r
 .text.__malloc_lock
                0x08008634        0xc D:/STM32CubeIDE_1.17.0/STM32CubeIDE/plugins/com.st.stm32cube.ide.mcu.externaltools.gnu-tools-for-stm32.12.3.rel1.win32_1.1.0.202410251130/tools/bin/../lib/gcc/arm-none-eabi/12.3.1/../../../../arm-none-eabi/lib/thumb/v7e-m+fp/hard\libc_nano.a(libc_a-mlock.o)
                0x08008634                __malloc_lock
 .text.__malloc_unlock
                0x08008640        0xc D:/STM32CubeIDE_1.17.0/STM32CubeIDE/plugins/com.st.stm32cube.ide.mcu.externaltools.gnu-tools-for-stm32.12.3.rel1.win32_1.1.0.202410251130/tools/bin/../lib/gcc/arm-none-eabi/12.3.1/../../../../arm-none-eabi/lib/thumb/v7e-m+fp/hard\libc_nano.a(libc_a-mlock.o)
                0x08008640                __malloc_unlock
 .text.__ssputs_r
                0x0800864c       0xb6 D:/STM32CubeIDE_1.17.0/STM32CubeIDE/plugins/com.st.stm32cube.ide.mcu.externaltools.gnu-tools-for-stm32.12.3.rel1.win32_1.1.0.202410251130/tools/bin/../lib/gcc/arm-none-eabi/12.3.1/../../../../arm-none-eabi/lib/thumb/v7e-m+fp/hard\libc_nano.a(libc_a-nano-svfprintf.o)
                0x0800864c                __ssputs_r
 *fill*         0x08008702        0x2 
 .text._svfprintf_r
                0x08008704      0x1f8 D:/STM32CubeIDE_1.17.0/STM32CubeIDE/plugins/com.st.stm32cube.ide.mcu.externaltools.gnu-tools-for-stm32.12.3.rel1.win32_1.1.0.202410251130/tools/bin/../lib/gcc/arm-none-eabi/12.3.1/../../../../arm-none-eabi/lib/thumb/v7e-m+fp/hard\libc_nano.a(libc_a-nano-svfprintf.o)
                0x08008704                _svfiprintf_r
                0x08008704                _svfprintf_r
 .text._printf_common
                0x080088fc       0xda D:/STM32CubeIDE_1.17.0/STM32CubeIDE/plugins/com.st.stm32cube.ide.mcu.externaltools.gnu-tools-for-stm32.12.3.rel1.win32_1.1.0.202410251130/tools/bin/../lib/gcc/arm-none-eabi/12.3.1/../../../../arm-none-eabi/lib/thumb/v7e-m+fp/hard\libc_nano.a(libc_a-nano-vfprintf_i.o)
                0x080088fc                _printf_common
 *fill*         0x080089d6        0x2 
 .text._printf_i
                0x080089d8      0x240 D:/STM32CubeIDE_1.17.0/STM32CubeIDE/plugins/com.st.stm32cube.ide.mcu.externaltools.gnu-tools-for-stm32.12.3.rel1.win32_1.1.0.202410251130/tools/bin/../lib/gcc/arm-none-eabi/12.3.1/../../../../arm-none-eabi/lib/thumb/v7e-m+fp/hard\libc_nano.a(libc_a-nano-vfprintf_i.o)
                0x080089d8                _printf_i
 .text.memmove  0x08008c18       0x34 D:/STM32CubeIDE_1.17.0/STM32CubeIDE/plugins/com.st.stm32cube.ide.mcu.externaltools.gnu-tools-for-stm32.12.3.rel1.win32_1.1.0.202410251130/tools/bin/../lib/gcc/arm-none-eabi/12.3.1/../../../../arm-none-eabi/lib/thumb/v7e-m+fp/hard\libc_nano.a(libc_a-memmove.o)
                0x08008c18                memmove
 .text._sbrk_r  0x08008c4c       0x20 D:/STM32CubeIDE_1.17.0/STM32CubeIDE/plugins/com.st.stm32cube.ide.mcu.externaltools.gnu-tools-for-stm32.12.3.rel1.win32_1.1.0.202410251130/tools/bin/../lib/gcc/arm-none-eabi/12.3.1/../../../../arm-none-eabi/lib/thumb/v7e-m+fp/hard\libc_nano.a(libc_a-sbrkr.o)
                0x08008c4c                _sbrk_r
 .text._realloc_r
                0x08008c6c       0x5c D:/STM32CubeIDE_1.17.0/STM32CubeIDE/plugins/com.st.stm32cube.ide.mcu.externaltools.gnu-tools-for-stm32.12.3.rel1.win32_1.1.0.202410251130/tools/bin/../lib/gcc/arm-none-eabi/12.3.1/../../../../arm-none-eabi/lib/thumb/v7e-m+fp/hard\libc_nano.a(libc_a-reallocr.o)
                0x08008c6c                _realloc_r
 .text._malloc_usable_size_r
                0x08008cc8       0x10 D:/STM32CubeIDE_1.17.0/STM32CubeIDE/plugins/com.st.stm32cube.ide.mcu.externaltools.gnu-tools-for-stm32.12.3.rel1.win32_1.1.0.202410251130/tools/bin/../lib/gcc/arm-none-eabi/12.3.1/../../../../arm-none-eabi/lib/thumb/v7e-m+fp/hard\libc_nano.a(libc_a-msizer.o)
                0x08008cc8                _malloc_usable_size_r
 *(.glue_7)
 .glue_7        0x08008cd8        0x0 linker stubs
 *(.glue_7t)
 .glue_7t       0x08008cd8        0x0 linker stubs
 *(.eh_frame)
 .eh_frame      0x08008cd8        0x0 D:/STM32CubeIDE_1.17.0/STM32CubeIDE/plugins/com.st.stm32cube.ide.mcu.externaltools.gnu-tools-for-stm32.12.3.rel1.win32_1.1.0.202410251130/tools/bin/../lib/gcc/arm-none-eabi/12.3.1/thumb/v7e-m+fp/hard/crtbegin.o
 *(.init)
 .init          0x08008cd8        0x4 D:/STM32CubeIDE_1.17.0/STM32CubeIDE/plugins/com.st.stm32cube.ide.mcu.externaltools.gnu-tools-for-stm32.12.3.rel1.win32_1.1.0.202410251130/tools/bin/../lib/gcc/arm-none-eabi/12.3.1/thumb/v7e-m+fp/hard/crti.o
                0x08008cd8                _init
 .init          0x08008cdc        0x8 D:/STM32CubeIDE_1.17.0/STM32CubeIDE/plugins/com.st.stm32cube.ide.mcu.externaltools.gnu-tools-for-stm32.12.3.rel1.win32_1.1.0.202410251130/tools/bin/../lib/gcc/arm-none-eabi/12.3.1/thumb/v7e-m+fp/hard/crtn.o
 *(.fini)
 .fini          0x08008ce4        0x4 D:/STM32CubeIDE_1.17.0/STM32CubeIDE/plugins/com.st.stm32cube.ide.mcu.externaltools.gnu-tools-for-stm32.12.3.rel1.win32_1.1.0.202410251130/tools/bin/../lib/gcc/arm-none-eabi/12.3.1/thumb/v7e-m+fp/hard/crti.o
                0x08008ce4                _fini
 .fini          0x08008ce8        0x8 D:/STM32CubeIDE_1.17.0/STM32CubeIDE/plugins/com.st.stm32cube.ide.mcu.externaltools.gnu-tools-for-stm32.12.3.rel1.win32_1.1.0.202410251130/tools/bin/../lib/gcc/arm-none-eabi/12.3.1/thumb/v7e-m+fp/hard/crtn.o
                0x08008cf0                        . = ALIGN (0x4)
                0x08008cf0                        _etext = .

.vfp11_veneer   0x08008cf0        0x0
 .vfp11_veneer  0x08008cf0        0x0 linker stubs

.v4_bx          0x08008cf0        0x0
 .v4_bx         0x08008cf0        0x0 linker stubs

.iplt           0x08008cf0        0x0
 .iplt          0x08008cf0        0x0 D:/STM32CubeIDE_1.17.0/STM32CubeIDE/plugins/com.st.stm32cube.ide.mcu.externaltools.gnu-tools-for-stm32.12.3.rel1.win32_1.1.0.202410251130/tools/bin/../lib/gcc/arm-none-eabi/12.3.1/thumb/v7e-m+fp/hard/crtbegin.o

.rodata         0x08008cf0      0x220
                0x08008cf0                        . = ALIGN (0x4)
 *(.rodata)
 .rodata        0x08008cf0      0x144 ./Core/Src/oled.o
 .rodata        0x08008e34       0x6c ./Core/Src/telemetry.o
 *(.rodata*)
 .rodata.oledInitSequence
                0x08008ea0       0x19 ./Core/Src/oled.o
 *fill*         0x08008eb9        0x3 
 .rodata.oledUpdateSetup
                0x08008ebc        0x6 ./Core/Src/oled.o
 *fill*         0x08008ec2        0x2 
 .rodata.AHBPrescTable
                0x08008ec4       0x10 ./Core/Src/system_stm32f4xx.o
                0x08008ec4                AHBPrescTable
 .rodata.APBPrescTable
                0x08008ed4        0x8 ./Core/Src/system_stm32f4xx.o
                0x08008ed4                APBPrescTable
 .rodata._svfprintf_r.str1.1
                0x08008edc       0x11 D:/STM32CubeIDE_1.17.0/STM32CubeIDE/plugins/com.st.stm32cube.ide.mcu.externaltools.gnu-tools-for-stm32.12.3.rel1.win32_1.1.0.202410251130/tools/bin/../lib/gcc/arm-none-eabi/12.3.1/../../../../arm-none-eabi/lib/thumb/v7e-m+fp/hard\libc_nano.a(libc_a-nano-svfprintf.o)
 .rodata._printf_i.str1.1
                0x08008eed       0x22 D:/STM32CubeIDE_1.17.0/STM32CubeIDE/plugins/com.st.stm32cube.ide.mcu.externaltools.gnu-tools-for-stm32.12.3.rel1.win32_1.1.0.202410251130/tools/bin/../lib/gcc/arm-none-eabi/12.3.1/../../../../arm-none-eabi/lib/thumb/v7e-m+fp/hard\libc_nano.a(libc_a-nano-vfprintf_i.o)
                0x08008f10                        . = ALIGN (0x4)
 *fill*         0x08008f0f        0x1 

.ARM.extab      0x08008f10        0x0
                0x08008f10                        . = ALIGN (0x4)
 *(.ARM.extab* .gnu.linkonce.armextab.*)
                0x08008f10                        . = ALIGN (0x4)

.ARM            0x08008f10        0x8
                0x08008f10                        . = ALIGN (0x4)
                0x08008f10                        __exidx_start = .
 *(.ARM.exidx*)
 .ARM.exidx     0x08008f10        0x8 D:/STM32CubeIDE_1.17.0/STM32CubeIDE/plugins/com.st.stm32cube.ide.mcu.externaltools.gnu-tools-for-stm32.12.3.rel1.win32_1.1.0.202410251130/tools/bin/../lib/gcc/arm-none-eabi/12.3.1/../../../../arm-none-eabi/lib/thumb/v7e-m+fp/hard\libc_nano.a(libc_a-memchr.o)
 .ARM.exidx     0x08008f18        0x0 D:/STM32CubeIDE_1.17.0/STM32CubeIDE/plugins/com.st.stm32cube.ide.mcu.externaltools.gnu-tools-for-stm32.12.3.rel1.win32_1.1.0.202410251130/tools/bin/../lib/gcc/arm-none-eabi/12.3.1/thumb/v7e-m+fp/hard\libgcc.a(_udivmoddi4.o)
                                  0x8 (size before relaxing)
                0x08008f18                        __exidx_end = .
                0x08008f18                        . = ALIGN (0x4)

.preinit_array  0x08008f18        0x0
                0x08008f18                        . = ALIGN (0x4)
                0x08008f18                        PROVIDE (__preinit_array_start = .)
 *(.preinit_array*)
                0x08008f18                        PROVIDE (__preinit_array_end = .)
                0x08008f18                        . = ALIGN (0x4)

.init_array     0x08008f18        0x4
                0x08008f18                        . = ALIGN (0x4)
                0x08008f18                        PROVIDE (__init_array_start = .)
 *(SORT_BY_NAME(.init_array.*))
 *(.init_array*)
 .init_array    0x08008f18        0x4 D:/STM32CubeIDE_1.17.0/STM32CubeIDE/plugins/com.st.stm32cube.ide.mcu.externaltools.gnu-tools-for-stm32.12.3.rel1.win32_1.1.0.202410251130/tools/bin/../lib/gcc/arm-none-eabi/12.3.1/thumb/v7e-m+fp/hard/crtbegin.o
                0x08008f1c                        PROVIDE (__init_array_end = .)
                0x08008f1c                        . = ALIGN (0x4)

.fini_array     0x08008f1c        0x4
                0x08008f1c                        . = ALIGN (0x4)
                [!provide]                        PROVIDE (__fini_array_start = .)
 *(SORT_BY_NAME(.fini_array.*))
 *(.fini_array*)
 .fini_array    0x08008f1c        0x4 D:/STM32CubeIDE_1.17.0/STM32CubeIDE/plugins/com.st.stm32cube.ide.mcu.externaltools.gnu-tools-for-stm32.12.3.rel1.win32_1.1.0.202410251130/tools/bin/../lib/gcc/arm-none-eabi/12.3.1/thumb/v7e-m+fp/hard/crtbegin.o
                [!provide]                        PROVIDE (__fini_array_end = .)
                0x08008f20                        . = ALIGN (0x4)
                0x08008f20                        _sidata = LOADADDR (.data)

.rel.dyn        0x08008f20        0x0
 .rel.iplt      0x08008f20        0x0 D:/STM32CubeIDE_1.17.0/STM32CubeIDE/plugins/com.st.stm32cube.ide.mcu.externaltools.gnu-tools-for-stm32.12.3.rel1.win32_1.1.0.202410251130/tools/bin/../lib/gcc/arm-none-eabi/12.3.1/thumb/v7e-m+fp/hard/crtbegin.o

.data           0x20000000       0x60 load address 0x08008f20
                0x20000000                        . = ALIGN (0x4)
                0x20000000                        _sdata = .
 *(.data)
 *(.data*)
 .data.systemStatus
                0x20000000        0x1 ./Core/Src/main.o
 *fill*         0x20000001        0x3 
 .data.SystemCoreClock
                0x20000004        0x4 ./Core/Src/system_stm32f4xx.o
                0x20000004                SystemCoreClock
 .data.uwTickPrio
                0x20000008        0x4 ./Drivers/STM32F4xx_HAL_Driver/Src/stm32f4xx_hal.o
                0x20000008                uwTickPrio
 .data.uwTickFreq
                0x2000000c        0x1 ./Drivers/STM32F4xx_HAL_Driver/Src/stm32f4xx_hal.o
                0x2000000c                uwTickFreq
 *fill*         0x2000000d        0x3 
 .data._impure_ptr
                0x20000010        0x4 D:/STM32CubeIDE_1.17.0/STM32CubeIDE/plugins/com.st.stm32cube.ide.mcu.externaltools.gnu-tools-for-stm32.12.3.rel1.win32_1.1.0.202410251130/tools/bin/../lib/gcc/arm-none-eabi/12.3.1/../../../../arm-none-eabi/lib/thumb/v7e-m+fp/hard\libc_nano.a(libc_a-impure.o)
                0x20000010                _impure_ptr
 .data._impure_data
                0x20000014       0x4c D:/STM32CubeIDE_1.17.0/STM32CubeIDE/plugins/com.st.stm32cube.ide.mcu.externaltools.gnu-tools-for-stm32.12.3.rel1.win32_1.1.0.202410251130/tools/bin/../lib/gcc/arm-none-eabi/12.3.1/../../../../arm-none-eabi/lib/thumb/v7e-m+fp/hard\libc_nano.a(libc_a-impure.o)
                0x20000014                _impure_data
 *(.RamFunc)
 *(.RamFunc*)
                0x20000060                        . = ALIGN (0x4)
                0x20000060                        _edata = .

.igot.plt       0x20000060        0x0 load address 0x08008f80
 .igot.plt      0x20000060        0x0 D:/STM32CubeIDE_1.17.0/STM32CubeIDE/plugins/com.st.stm32cube.ide.mcu.externaltools.gnu-tools-for-stm32.12.3.rel1.win32_1.1.0.202410251130/tools/bin/../lib/gcc/arm-none-eabi/12.3.1/thumb/v7e-m+fp/hard/crtbegin.o
                0x20000060                        . = ALIGN (0x4)

.bss            0x20000060      0x7dc load address 0x08008f80
                0x20000060                        _sbss = .
                0x20000060                        __bss_start__ = _sbss
 *(.bss)
 .bss           0x20000060       0x1c D:/STM32CubeIDE_1.17.0/STM32CubeIDE/plugins/com.st.stm32cube.ide.mcu.externaltools.gnu-tools-for-stm32.12.3.rel1.win32_1.1.0.202410251130/tools/bin/../lib/gcc/arm-none-eabi/12.3.1/thumb/v7e-m+fp/hard/crtbegin.o
 *(.bss*)
 .bss.dhtTimer  0x2000007c        0x4 ./Core/Src/dht22.o
 .bss.dhtState  0x20000080        0x1 ./Core/Src/dht22.o
 *fill*         0x20000081        0x3 
 .bss.dhtData   0x20000084        0xc ./Core/Src/dht22.o
 .bss.measurementReady
                0x20000090        0x1 ./Core/Src/dht22.o
 *fill*         0x20000091        0x3 
 .bss.stateStartTime
                0x20000094        0x4 ./Core/Src/dht22.o
 .bss.dhtBytes  0x20000098        0x5 ./Core/Src/dht22.o
 .bss.bitIndex  0x2000009d        0x1 ./Core/Src/dht22.o
 *fill*         0x2000009e        0x2 
 .bss.risingEdgeTime
                0x200000a0        0x4 ./Core/Src/dht22.o
 .bss.captureState
                0x200000a4        0x1 ./Core/Src/dht22.o
 *fill*         0x200000a5        0x3 
 .bss.lightAdc  0x200000a8        0x4 ./Core/Src/light_sensor.o
 .bss.lightRaw  0x200000ac        0x2 ./Core/Src/light_sensor.o
 .bss.measurementReady
                0x200000ae        0x1 ./Core/Src/light_sensor.o
 .bss.measurementInProgress
                0x200000af        0x1 ./Core/Src/light_sensor.o
 .bss.hadc1     0x200000b0       0x48 ./Core/Src/main.o
                0x200000b0                hadc1
 .bss.hi2c1     0x200000f8       0x54 ./Core/Src/main.o
                0x200000f8                hi2c1
 .bss.htim1     0x2000014c       0x48 ./Core/Src/main.o
                0x2000014c                htim1
 .bss.htim2     0x20000194       0x48 ./Core/Src/main.o
                0x20000194                htim2
 .bss.huart2    0x200001dc       0x48 ./Core/Src/main.o
                0x200001dc                huart2
 .bss.measurementDue
                0x20000224        0x1 ./Core/Src/main.o
 *fill*         0x20000225        0x3 
 .bss.sensorData
                0x20000228       0x10 ./Core/Src/main.o
 .bss.dhtMeasurementReceived
                0x20000238        0x1 ./Core/Src/main.o
 .bss.lightMeasurementReceived
                0x20000239        0x1 ./Core/Src/main.o
 *fill*         0x2000023a        0x2 
 .bss.oledI2c   0x2000023c        0x4 ./Core/Src/oled.o
 .bss.oledState
                0x20000240        0x1 ./Core/Src/oled.o
 *fill*         0x20000241        0x3 
 .bss.oledBuffer
                0x20000244      0x400 ./Core/Src/oled.o
 .bss.txBuffer  0x20000644       0x11 ./Core/Src/oled.o
 *fill*         0x20000655        0x3 
 .bss.initStartTime
                0x20000658        0x4 ./Core/Src/oled.o
 .bss.initIndex
                0x2000065c        0x1 ./Core/Src/oled.o
 .bss.setupIndex
                0x2000065d        0x1 ./Core/Src/oled.o
 .bss.bufferOffset
                0x2000065e        0x2 ./Core/Src/oled.o
 .bss.txComplete
                0x20000660        0x1 ./Core/Src/oled.o
 .bss.txError   0x20000661        0x1 ./Core/Src/oled.o
 *fill*         0x20000662        0x2 
 .bss.__sbrk_heap_end
                0x20000664        0x4 ./Core/Src/sysmem.o
 .bss.telemetryUart
                0x20000668        0x4 ./Core/Src/telemetry.o
 .bss.txBuffer  0x2000066c       0x80 ./Core/Src/telemetry.o
 .bss.txBusy    0x200006ec        0x1 ./Core/Src/telemetry.o
 *fill*         0x200006ed        0x3 
 .bss.uwTick    0x200006f0        0x4 ./Drivers/STM32F4xx_HAL_Driver/Src/stm32f4xx_hal.o
                0x200006f0                uwTick
 .bss.__sf      0x200006f4      0x138 D:/STM32CubeIDE_1.17.0/STM32CubeIDE/plugins/com.st.stm32cube.ide.mcu.externaltools.gnu-tools-for-stm32.12.3.rel1.win32_1.1.0.202410251130/tools/bin/../lib/gcc/arm-none-eabi/12.3.1/../../../../arm-none-eabi/lib/thumb/v7e-m+fp/hard\libc_nano.a(libc_a-findfp.o)
                0x200006f4                __sf
 .bss.errno     0x2000082c        0x4 D:/STM32CubeIDE_1.17.0/STM32CubeIDE/plugins/com.st.stm32cube.ide.mcu.externaltools.gnu-tools-for-stm32.12.3.rel1.win32_1.1.0.202410251130/tools/bin/../lib/gcc/arm-none-eabi/12.3.1/../../../../arm-none-eabi/lib/thumb/v7e-m+fp/hard\libc_nano.a(libc_a-reent.o)
                0x2000082c                errno
 .bss.__lock___malloc_recursive_mutex
                0x20000830        0x1 D:/STM32CubeIDE_1.17.0/STM32CubeIDE/plugins/com.st.stm32cube.ide.mcu.externaltools.gnu-tools-for-stm32.12.3.rel1.win32_1.1.0.202410251130/tools/bin/../lib/gcc/arm-none-eabi/12.3.1/../../../../arm-none-eabi/lib/thumb/v7e-m+fp/hard\libc_nano.a(libc_a-lock.o)
                0x20000830                __lock___malloc_recursive_mutex
 *fill*         0x20000831        0x3 
 .bss.__malloc_sbrk_start
                0x20000834        0x4 D:/STM32CubeIDE_1.17.0/STM32CubeIDE/plugins/com.st.stm32cube.ide.mcu.externaltools.gnu-tools-for-stm32.12.3.rel1.win32_1.1.0.202410251130/tools/bin/../lib/gcc/arm-none-eabi/12.3.1/../../../../arm-none-eabi/lib/thumb/v7e-m+fp/hard\libc_nano.a(libc_a-mallocr.o)
                0x20000834                __malloc_sbrk_start
 .bss.__malloc_free_list
                0x20000838        0x4 D:/STM32CubeIDE_1.17.0/STM32CubeIDE/plugins/com.st.stm32cube.ide.mcu.externaltools.gnu-tools-for-stm32.12.3.rel1.win32_1.1.0.202410251130/tools/bin/../lib/gcc/arm-none-eabi/12.3.1/../../../../arm-none-eabi/lib/thumb/v7e-m+fp/hard\libc_nano.a(libc_a-mallocr.o)
                0x20000838                __malloc_free_list
 *(COMMON)
                0x2000083c                        . = ALIGN (0x4)
                0x2000083c                        _ebss = .
                0x2000083c                        __bss_end__ = _ebss

._user_heap_stack
                0x2000083c      0x604 load address 0x08008f80
                0x20000840                        . = ALIGN (0x8)
 *fill*         0x2000083c        0x4 
                [!provide]                        PROVIDE (end = .)
                0x20000840                        PROVIDE (_end = .)
                0x20000a40                        . = (. + _Min_Heap_Size)
 *fill*         0x20000840      0x200 
                0x20000e40                        . = (. + _Min_Stack_Size)
 *fill*         0x20000a40      0x400 
                0x20000e40                        . = ALIGN (0x8)

/DISCARD/
 libc.a(*)
 libm.a(*)
 libgcc.a(*)

.ARM.attributes
                0x00000000       0x30
 *(.ARM.attributes)
 .ARM.attributes
                0x00000000       0x22 D:/STM32CubeIDE_1.17.0/STM32CubeIDE/plugins/com.st.stm32cube.ide.mcu.externaltools.gnu-tools-for-stm32.12.3.rel1.win32_1.1.0.202410251130/tools/bin/../lib/gcc/arm-none-eabi/12.3.1/thumb/v7e-m+fp/hard/crti.o
 .ARM.attributes
                0x00000022       0x34 D:/STM32CubeIDE_1.17.0/STM32CubeIDE/plugins/com.st.stm32cube.ide.mcu.externaltools.gnu-tools-for-stm32.12.3.rel1.win32_1.1.0.202410251130/tools/bin/../lib/gcc/arm-none-eabi/12.3.1/thumb/v7e-m+fp/hard/crtbegin.o
 .ARM.attributes
                0x00000056       0x34 ./Core/Src/dht22.o
 .ARM.attributes
                0x0000008a       0x34 ./Core/Src/light_sensor.o
 .ARM.attributes
                0x000000be       0x34 ./Core/Src/main.o
 .ARM.attributes
                0x000000f2       0x34 ./Core/Src/oled.o
 .ARM.attributes
                0x00000126       0x34 ./Core/Src/status.o
 .ARM.attributes
                0x0000015a       0x34 ./Core/Src/status_led.o
 .ARM.attributes
                0x0000018e       0x34 ./Core/Src/stm32f4xx_hal_msp.o
 .ARM.attributes
                0x000001c2       0x34 ./Core/Src/stm32f4xx_it.o
 .ARM.attributes
                0x000001f6       0x34 ./Core/Src/sysmem.o
 .ARM.attributes
                0x0000022a       0x34 ./Core/Src/system_stm32f4xx.o
 .ARM.attributes
                0x0000025e       0x34 ./Core/Src/telemetry.o
 .ARM.attributes
                0x00000292       0x21 ./Core/Startup/startup_stm32f401retx.o
 .ARM.attributes
                0x000002b3       0x34 ./Drivers/STM32F4xx_HAL_Driver/Src/stm32f4xx_hal.o
 .ARM.attributes
                0x000002e7       0x34 ./Drivers/STM32F4xx_HAL_Driver/Src/stm32f4xx_hal_adc.o
 .ARM.attributes
                0x0000031b       0x34 ./Drivers/STM32F4xx_HAL_Driver/Src/stm32f4xx_hal_adc_ex.o
 .ARM.attributes
                0x0000034f       0x34 ./Drivers/STM32F4xx_HAL_Driver/Src/stm32f4xx_hal_cortex.o
 .ARM.attributes
                0x00000383       0x34 ./Drivers/STM32F4xx_HAL_Driver/Src/stm32f4xx_hal_dma.o
 .ARM.attributes
                0x000003b7       0x34 ./Drivers/STM32F4xx_HAL_Driver/Src/stm32f4xx_hal_gpio.o
 .ARM.attributes
                0x000003eb       0x34 ./Drivers/STM32F4xx_HAL_Driver/Src/stm32f4xx_hal_i2c.o
 .ARM.attributes
                0x0000041f       0x34 ./Drivers/STM32F4xx_HAL_Driver/Src/stm32f4xx_hal_rcc.o
 .ARM.attributes
                0x00000453       0x34 ./Drivers/STM32F4xx_HAL_Driver/Src/stm32f4xx_hal_tim.o
 .ARM.attributes
                0x00000487       0x34 ./Drivers/STM32F4xx_HAL_Driver/Src/stm32f4xx_hal_tim_ex.o
 .ARM.attributes
                0x000004bb       0x34 ./Drivers/STM32F4xx_HAL_Driver/Src/stm32f4xx_hal_uart.o
 .ARM.attributes
                0x000004ef       0x34 D:/STM32CubeIDE_1.17.0/STM32CubeIDE/plugins/com.st.stm32cube.ide.mcu.externaltools.gnu-tools-for-stm32.12.3.rel1.win32_1.1.0.202410251130/tools/bin/../lib/gcc/arm-none-eabi/12.3.1/../../../../arm-none-eabi/lib/thumb/v7e-m+fp/hard\libc_nano.a(libc_a-findfp.o)
 .ARM.attributes
                0x00000523       0x34 D:/STM32CubeIDE_1.17.0/STM32CubeIDE/plugins/com.st.stm32cube.ide.mcu.externaltools.gnu-tools-for-stm32.12.3.rel1.win32_1.1.0.202410251130/tools/bin/../lib/gcc/arm-none-eabi/12.3.1/../../../../arm-none-eabi/lib/thumb/v7e-m+fp/hard\libc_nano.a(libc_a-snprintf.o)
 .ARM.attributes
                0x00000557       0x34 D:/STM32CubeIDE_1.17.0/STM32CubeIDE/plugins/com.st.stm32cube.ide.mcu.externaltools.gnu-tools-for-stm32.12.3.rel1.win32_1.1.0.202410251130/tools/bin/../lib/gcc/arm-none-eabi/12.3.1/../../../../arm-none-eabi/lib/thumb/v7e-m+fp/hard\libc_nano.a(libc_a-memset.o)
 .ARM.attributes
                0x0000058b       0x34 D:/STM32CubeIDE_1.17.0/STM32CubeIDE/plugins/com.st.stm32cube.ide.mcu.externaltools.gnu-tools-for-stm32.12.3.rel1.win32_1.1.0.202410251130/tools/bin/../lib/gcc/arm-none-eabi/12.3.1/../../../../arm-none-eabi/lib/thumb/v7e-m+fp/hard\libc_nano.a(libc_a-reent.o)
 .ARM.attributes
                0x000005bf       0x34 D:/STM32CubeIDE_1.17.0/STM32CubeIDE/plugins/com.st.stm32cube.ide.mcu.externaltools.gnu-tools-for-stm32.12.3.rel1.win32_1.1.0.202410251130/tools/bin/../lib/gcc/arm-none-eabi/12.3.1/../../../../arm-none-eabi/lib/thumb/v7e-m+fp/hard\libc_nano.a(libc_a-impure.o)
 .ARM.attributes
                0x000005f3       0x34 D:/STM32CubeIDE_1.17.0/STM32CubeIDE/plugins/com.st.stm32cube.ide.mcu.externaltools.gnu-tools-for-stm32.12.3.rel1.win32_1.1.0.202410251130/tools/bin/../lib/gcc/arm-none-eabi/12.3.1/../../../../arm-none-eabi/lib/thumb/v7e-m+fp/hard\libc_nano.a(libc_a-errno.o)
 .ARM.attributes
                0x00000627       0x34 D:/STM32CubeIDE_1.17.0/STM32CubeIDE/plugins/com.st.stm32cube.ide.mcu.externaltools.gnu-tools-for-stm32.12.3.rel1.win32_1.1.0.202410251130/tools/bin/../lib/gcc/arm-none-eabi/12.3.1/../../../../arm-none-eabi/lib/thumb/v7e-m+fp/hard\libc_nano.a(libc_a-init.o)
 .ARM.attributes
                0x0000065b       0x34 D:/STM32CubeIDE_1.17.0/STM32CubeIDE/plugins/com.st.stm32cube.ide.mcu.externaltools.gnu-tools-for-stm32.12.3.rel1.win32_1.1.0.202410251130/tools/bin/../lib/gcc/arm-none-eabi/12.3.1/../../../../arm-none-eabi/lib/thumb/v7e-m+fp/hard\libc_nano.a(libc_a-lock.o)
 .ARM.attributes
                0x0000068f       0x34 D:/STM32CubeIDE_1.17.0/STM32CubeIDE/plugins/com.st.stm32cube.ide.mcu.externaltools.gnu-tools-for-stm32.12.3.rel1.win32_1.1.0.202410251130/tools/bin/../lib/gcc/arm-none-eabi/12.3.1/../../../../arm-none-eabi/lib/thumb/v7e-m+fp/hard\libc_nano.a(libc_a-memcpy-stub.o)
 .ARM.attributes
                0x000006c3       0x34 D:/STM32CubeIDE_1.17.0/STM32CubeIDE/plugins/com.st.stm32cube.ide.mcu.externaltools.gnu-tools-for-stm32.12.3.rel1.win32_1.1.0.202410251130/tools/bin/../lib/gcc/arm-none-eabi/12.3.1/../../../../arm-none-eabi/lib/thumb/v7e-m+fp/hard\libc_nano.a(libc_a-freer.o)
 .ARM.attributes
                0x000006f7       0x34 D:/STM32CubeIDE_1.17.0/STM32CubeIDE/plugins/com.st.stm32cube.ide.mcu.externaltools.gnu-tools-for-stm32.12.3.rel1.win32_1.1.0.202410251130/tools/bin/../lib/gcc/arm-none-eabi/12.3.1/../../../../arm-none-eabi/lib/thumb/v7e-m+fp/hard\libc_nano.a(libc_a-mallocr.o)
 .ARM.attributes
                0x0000072b       0x34 D:/STM32CubeIDE_1.17.0/STM32CubeIDE/plugins/com.st.stm32cube.ide.mcu.externaltools.gnu-tools-for-stm32.12.3.rel1.win32_1.1.0.202410251130/tools/bin/../lib/gcc/arm-none-eabi/12.3.1/../../../../arm-none-eabi/lib/thumb/v7e-m+fp/hard\libc_nano.a(libc_a-mlock.o)
 .ARM.attributes
                0x0000075f       0x34 D:/STM32CubeIDE_1.17.0/STM32CubeIDE/plugins/com.st.stm32cube.ide.mcu.externaltools.gnu-tools-for-stm32.12.3.rel1.win32_1.1.0.202410251130/tools/bin/../lib/gcc/arm-none-eabi/12.3.1/../../../../arm-none-eabi/lib/thumb/v7e-m+fp/hard\libc_nano.a(libc_a-nano-svfprintf.o)
 .ARM.attributes
                0x00000793       0x34 D:/STM32CubeIDE_1.17.0/STM32CubeIDE/plugins/com.st.stm32cube.ide.mcu.externaltools.gnu-tools-for-stm32.12.3.rel1.win32_1.1.0.202410251130/tools/bin/../lib/gcc/arm-none-eabi/12.3.1/../../../../arm-none-eabi/lib/thumb/v7e-m+fp/hard\libc_nano.a(libc_a-nano-vfprintf_i.o)
 .ARM.attributes
                0x000007c7       0x34 D:/STM32CubeIDE_1.17.0/STM32CubeIDE/plugins/com.st.stm32cube.ide.mcu.externaltools.gnu-tools-for-stm32.12.3.rel1.win32_1.1.0.202410251130/tools/bin/../lib/gcc/arm-none-eabi/12.3.1/../../../../arm-none-eabi/lib/thumb/v7e-m+fp/hard\libc_nano.a(libc_a-memmove.o)
 .ARM.attributes
                0x000007fb       0x34 D:/STM32CubeIDE_1.17.0/STM32CubeIDE/plugins/com.st.stm32cube.ide.mcu.externaltools.gnu-tools-for-stm32.12.3.rel1.win32_1.1.0.202410251130/tools/bin/../lib/gcc/arm-none-eabi/12.3.1/../../../../arm-none-eabi/lib/thumb/v7e-m+fp/hard\libc_nano.a(libc_a-sbrkr.o)
 .ARM.attributes
                0x0000082f       0x1c D:/STM32CubeIDE_1.17.0/STM32CubeIDE/plugins/com.st.stm32cube.ide.mcu.externaltools.gnu-tools-for-stm32.12.3.rel1.win32_1.1.0.202410251130/tools/bin/../lib/gcc/arm-none-eabi/12.3.1/../../../../arm-none-eabi/lib/thumb/v7e-m+fp/hard\libc_nano.a(libc_a-memchr.o)
 .ARM.attributes
                0x0000084b       0x34 D:/STM32CubeIDE_1.17.0/STM32CubeIDE/plugins/com.st.stm32cube.ide.mcu.externaltools.gnu-tools-for-stm32.12.3.rel1.win32_1.1.0.202410251130/tools/bin/../lib/gcc/arm-none-eabi/12.3.1/../../../../arm-none-eabi/lib/thumb/v7e-m+fp/hard\libc_nano.a(libc_a-reallocr.o)
 .ARM.attributes
                0x0000087f       0x34 D:/STM32CubeIDE_1.17.0/STM32CubeIDE/plugins/com.st.stm32cube.ide.mcu.externaltools.gnu-tools-for-stm32.12.3.rel1.win32_1.1.0.202410251130/tools/bin/../lib/gcc/arm-none-eabi/12.3.1/../../../../arm-none-eabi/lib/thumb/v7e-m+fp/hard\libc_nano.a(libc_a-msizer.o)
 .ARM.attributes
                0x000008b3       0x22 D:/STM32CubeIDE_1.17.0/STM32CubeIDE/plugins/com.st.stm32cube.ide.mcu.externaltools.gnu-tools-for-stm32.12.3.rel1.win32_1.1.0.202410251130/tools/bin/../lib/gcc/arm-none-eabi/12.3.1/thumb/v7e-m+fp/hard\libgcc.a(_aeabi_uldivmod.o)
 .ARM.attributes
                0x000008d5       0x34 D:/STM32CubeIDE_1.17.0/STM32CubeIDE/plugins/com.st.stm32cube.ide.mcu.externaltools.gnu-tools-for-stm32.12.3.rel1.win32_1.1.0.202410251130/tools/bin/../lib/gcc/arm-none-eabi/12.3.1/thumb/v7e-m+fp/hard\libgcc.a(_udivmoddi4.o)
 .ARM.attributes
                0x00000909       0x22 D:/STM32CubeIDE_1.17.0/STM32CubeIDE/plugins/com.st.stm32cube.ide.mcu.externaltools.gnu-tools-for-stm32.12.3.rel1.win32_1.1.0.202410251130/tools/bin/../lib/gcc/arm-none-eabi/12.3.1/thumb/v7e-m+fp/hard\libgcc.a(_dvmd_tls.o)
 .ARM.attributes
                0x0000092b       0x22 D:/STM32CubeIDE_1.17.0/STM32CubeIDE/plugins/com.st.stm32cube.ide.mcu.externaltools.gnu-tools-for-stm32.12.3.rel1.win32_1.1.0.202410251130/tools/bin/../lib/gcc/arm-none-eabi/12.3.1/thumb/v7e-m+fp/hard/crtn.o
OUTPUT(TemperatureHumidityLightSensors.elf elf32-littlearm)
LOAD linker stubs
LOAD D:/STM32CubeIDE_1.17.0/STM32CubeIDE/plugins/com.st.stm32cube.ide.mcu.externaltools.gnu-tools-for-stm32.12.3.rel1.win32_1.1.0.202410251130/tools/bin/../lib/gcc/arm-none-eabi/12.3.1/../../../../arm-none-eabi/lib/thumb/v7e-m+fp/hard\libc.a
LOAD D:/STM32CubeIDE_1.17.0/STM32CubeIDE/plugins/com.st.stm32cube.ide.mcu.externaltools.gnu-tools-for-stm32.12.3.rel1.win32_1.1.0.202410251130/tools/bin/../lib/gcc/arm-none-eabi/12.3.1/../../../../arm-none-eabi/lib/thumb/v7e-m+fp/hard\libm.a
LOAD D:/STM32CubeIDE_1.17.0/STM32CubeIDE/plugins/com.st.stm32cube.ide.mcu.externaltools.gnu-tools-for-stm32.12.3.rel1.win32_1.1.0.202410251130/tools/bin/../lib/gcc/arm-none-eabi/12.3.1/thumb/v7e-m+fp/hard\libgcc.a

.debug_info     0x00000000    0x14d90
 .debug_info    0x00000000      0xb97 ./Core/Src/dht22.o
 .debug_info    0x00000b97      0x6e3 ./Core/Src/light_sensor.o
 .debug_info    0x0000127a     0x1b2e ./Core/Src/main.o
 .debug_info    0x00002da8      0xfb8 ./Core/Src/oled.o
 .debug_info    0x00003d60      0x20e ./Core/Src/status.o
 .debug_info    0x00003f6e      0x214 ./Core/Src/status_led.o
 .debug_info    0x00004182     0x1525 ./Core/Src/stm32f4xx_hal_msp.o
 .debug_info    0x000056a7      0xf19 ./Core/Src/stm32f4xx_it.o
 .debug_info    0x000065c0      0x168 ./Core/Src/sysmem.o
 .debug_info    0x00006728      0x53e ./Core/Src/system_stm32f4xx.o
 .debug_info    0x00006c66      0x83a ./Core/Src/telemetry.o
 .debug_info    0x000074a0       0x30 ./Core/Startup/startup_stm32f401retx.o
 .debug_info    0x000074d0      0x8bb ./Drivers/STM32F4xx_HAL_Driver/Src/stm32f4xx_hal.o
 .debug_info    0x00007d8b      0xce0 ./Drivers/STM32F4xx_HAL_Driver/Src/stm32f4xx_hal_adc.o
 .debug_info    0x00008a6b      0xb65 ./Drivers/STM32F4xx_HAL_Driver/Src/stm32f4xx_hal_adc_ex.o
 .debug_info    0x000095d0      0xcf6 ./Drivers/STM32F4xx_HAL_Driver/Src/stm32f4xx_hal_cortex.o
 .debug_info    0x0000a2c6      0x8e6 ./Drivers/STM32F4xx_HAL_Driver/Src/stm32f4xx_hal_dma.o
 .debug_info    0x0000abac      0x6f9 ./Drivers/STM32F4xx_HAL_Driver/Src/stm32f4xx_hal_gpio.o
 .debug_info    0x0000b2a5     0x2426 ./Drivers/STM32F4xx_HAL_Driver/Src/stm32f4xx_hal_i2c.o
 .debug_info    0x0000d6cb      0x905 ./Drivers/STM32F4xx_HAL_Driver/Src/stm32f4xx_hal_rcc.o
 .debug_info    0x0000dfd0     0x2996 ./Drivers/STM32F4xx_HAL_Driver/Src/stm32f4xx_hal_tim.o
 .debug_info    0x00010966     0x14d4 ./Drivers/STM32F4xx_HAL_Driver/Src/stm32f4xx_hal_tim_ex.o
 .debug_info    0x00011e3a     0x2f56 ./Drivers/STM32F4xx_HAL_Driver/Src/stm32f4xx_hal_uart.o

.debug_abbrev   0x00000000     0x2f76
 .debug_abbrev  0x00000000      0x27d ./Core/Src/dht22.o
 .debug_abbrev  0x0000027d      0x19c ./Core/Src/light_sensor.o
 .debug_abbrev  0x00000419      0x2e6 ./Core/Src/main.o
 .debug_abbrev  0x000006ff      0x347 ./Core/Src/oled.o
 .debug_abbrev  0x00000a46      0x100 ./Core/Src/status.o
 .debug_abbrev  0x00000b46      0x138 ./Core/Src/status_led.o
 .debug_abbrev  0x00000c7e      0x21f ./Core/Src/stm32f4xx_hal_msp.o
 .debug_abbrev  0x00000e9d      0x1ca ./Core/Src/stm32f4xx_it.o
 .debug_abbrev  0x00001067       0xbc ./Core/Src/sysmem.o
 .debug_abbrev  0x00001123      0x11a ./Core/Src/system_stm32f4xx.o
 .debug_abbrev  0x0000123d      0x1d1 ./Core/Src/telemetry.o
 .debug_abbrev  0x0000140e       0x24 ./Core/Startup/startup_stm32f401retx.o
 .debug_abbrev  0x00001432      0x24b ./Drivers/STM32F4xx_HAL_Driver/Src/stm32f4xx_hal.o
 .debug_abbrev  0x0000167d      0x20e ./Drivers/STM32F4xx_HAL_Driver/Src/stm32f4xx_hal_adc.o
 .debug_abbrev  0x0000188b      0x22c ./Drivers/STM32F4xx_HAL_Driver/Src/stm32f4xx_hal_adc_ex.o
 .debug_abbrev  0x00001ab7      0x31d ./Drivers/STM32F4xx_HAL_Driver/Src/stm32f4xx_hal_cortex.o
 .debug_abbrev  0x00001dd4      0x221 ./Drivers/STM32F4xx_HAL_Driver/Src/stm32f4xx_hal_dma.o
 .debug_abbrev  0x00001ff5      0x1d3 ./Drivers/STM32F4xx_HAL_Driver/Src/stm32f4xx_hal_gpio.o
 .debug_abbrev  0x000021c8      0x2bc ./Drivers/STM32F4xx_HAL_Driver/Src/stm32f4xx_hal_i2c.o
 .debug_abbrev  0x00002484      0x2b6 ./Drivers/STM32F4xx_HAL_Driver/Src/stm32f4xx_hal_rcc.o
 .debug_abbrev  0x0000273a      0x28b ./Drivers/STM32F4xx_HAL_Driver/Src/stm32f4xx_hal_tim.o
 .debug_abbrev  0x000029c5      0x296 ./Drivers/STM32F4xx_HAL_Driver/Src/stm32f4xx_hal_tim_ex.o
 .debug_abbrev  0x00002c5b      0x31b ./Drivers/STM32F4xx_HAL_Driver/Src/stm32f4xx_hal_uart.o

.debug_aranges  0x00000000     0x12f8
 .debug_aranges
                0x00000000       0x70 ./Core/Src/dht22.o
 .debug_aranges
                0x00000070       0x48 ./Core/Src/light_sensor.o
 .debug_aranges
                0x000000b8       0x98 ./Core/Src/main.o
 .debug_aranges
                0x00000150       0xa8 ./Core/Src/oled.o
 .debug_aranges
                0x000001f8       0x38 ./Core/Src/status.o
 .debug_aranges
                0x00000230       0x30 ./Core/Src/status_led.o
 .debug_aranges
                0x00000260       0x60 ./Core/Src/stm32f4xx_hal_msp.o
 .debug_aranges
                0x000002c0       0x90 ./Core/Src/stm32f4xx_it.o
 .debug_aranges
                0x00000350       0x20 ./Core/Src/sysmem.o
 .debug_aranges
                0x00000370       0x28 ./Core/Src/system_stm32f4xx.o
 .debug_aranges
                0x00000398       0x48 ./Core/Src/telemetry.o
 .debug_aranges
                0x000003e0       0x28 ./Core/Startup/startup_stm32f401retx.o
 .debug_aranges
                0x00000408       0xf0 ./Drivers/STM32F4xx_HAL_Driver/Src/stm32f4xx_hal.o
 .debug_aranges
                0x000004f8       0xe8 ./Drivers/STM32F4xx_HAL_Driver/Src/stm32f4xx_hal_adc.o
 .debug_aranges
                0x000005e0       0x90 ./Drivers/STM32F4xx_HAL_Driver/Src/stm32f4xx_hal_adc_ex.o
 .debug_aranges
                0x00000670      0x130 ./Drivers/STM32F4xx_HAL_Driver/Src/stm32f4xx_hal_cortex.o
 .debug_aranges
                0x000007a0       0x90 ./Drivers/STM32F4xx_HAL_Driver/Src/stm32f4xx_hal_dma.o
 .debug_aranges
                0x00000830       0x58 ./Drivers/STM32F4xx_HAL_Driver/Src/stm32f4xx_hal_gpio.o
 .debug_aranges
                0x00000888      0x2a8 ./Drivers/STM32F4xx_HAL_Driver/Src/stm32f4xx_hal_i2c.o
 .debug_aranges
                0x00000b30       0x88 ./Drivers/STM32F4xx_HAL_Driver/Src/stm32f4xx_hal_rcc.o
 .debug_aranges
                0x00000bb8      0x3d0 ./Drivers/STM32F4xx_HAL_Driver/Src/stm32f4xx_hal_tim.o
 .debug_aranges
                0x00000f88      0x168 ./Drivers/STM32F4xx_HAL_Driver/Src/stm32f4xx_hal_tim_ex.o
 .debug_aranges
                0x000010f0      0x208 ./Drivers/STM32F4xx_HAL_Driver/Src/stm32f4xx_hal_uart.o

.debug_rnglists
                0x00000000      0xee4
 .debug_rnglists
                0x00000000       0x53 ./Core/Src/dht22.o
 .debug_rnglists
                0x00000053       0x31 ./Core/Src/light_sensor.o
 .debug_rnglists
                0x00000084       0x73 ./Core/Src/main.o
 .debug_rnglists
                0x000000f7       0x81 ./Core/Src/oled.o
 .debug_rnglists
                0x00000178       0x26 ./Core/Src/status.o
 .debug_rnglists
                0x0000019e       0x1f ./Core/Src/status_led.o
 .debug_rnglists
                0x000001bd       0x47 ./Core/Src/stm32f4xx_hal_msp.o
 .debug_rnglists
                0x00000204       0x67 ./Core/Src/stm32f4xx_it.o
 .debug_rnglists
                0x0000026b       0x13 ./Core/Src/sysmem.o
 .debug_rnglists
                0x0000027e       0x1a ./Core/Src/system_stm32f4xx.o
 .debug_rnglists
                0x00000298       0x32 ./Core/Src/telemetry.o
 .debug_rnglists
                0x000002ca       0x19 ./Core/Startup/startup_stm32f401retx.o
 .debug_rnglists
                0x000002e3       0xaf ./Drivers/STM32F4xx_HAL_Driver/Src/stm32f4xx_hal.o
 .debug_rnglists
                0x00000392       0xb5 ./Drivers/STM32F4xx_HAL_Driver/Src/stm32f4xx_hal_adc.o
 .debug_rnglists
                0x00000447       0x71 ./Drivers/STM32F4xx_HAL_Driver/Src/stm32f4xx_hal_adc_ex.o
 .debug_rnglists
                0x000004b8       0xe0 ./Drivers/STM32F4xx_HAL_Driver/Src/stm32f4xx_hal_cortex.o
 .debug_rnglists
                0x00000598       0x70 ./Drivers/STM32F4xx_HAL_Driver/Src/stm32f4xx_hal_dma.o
 .debug_rnglists
                0x00000608       0x3f ./Drivers/STM32F4xx_HAL_Driver/Src/stm32f4xx_hal_gpio.o
 .debug_rnglists
                0x00000647      0x23c ./Drivers/STM32F4xx_HAL_Driver/Src/stm32f4xx_hal_i2c.o
 .debug_rnglists
                0x00000883       0x66 ./Drivers/STM32F4xx_HAL_Driver/Src/stm32f4xx_hal_rcc.o
 .debug_rnglists
                0x000008e9      0x31a ./Drivers/STM32F4xx_HAL_Driver/Src/stm32f4xx_hal_tim.o
 .debug_rnglists
                0x00000c03      0x125 ./Drivers/STM32F4xx_HAL_Driver/Src/stm32f4xx_hal_tim_ex.o
 .debug_rnglists
                0x00000d28      0x1bc ./Drivers/STM32F4xx_HAL_Driver/Src/stm32f4xx_hal_uart.o

.debug_macro    0x00000000    0x18dae
 .debug_macro   0x00000000      0x323 ./Core/Src/dht22.o
 .debug_macro   0x00000323      0xab4 ./Core/Src/dht22.o
 .debug_macro   0x00000dd7      0x2a7 ./Core/Src/dht22.o
 .debug_macro   0x0000107e       0x2e ./Core/Src/dht22.o
 .debug_macro   0x000010ac       0x28 ./Core/Src/dht22.o
 .debug_macro   0x000010d4       0x22 ./Core/Src/dht22.o
 .debug_macro   0x000010f6       0x8e ./Core/Src/dht22.o
 .debug_macro   0x00001184       0x51 ./Core/Src/dht22.o
 .debug_macro   0x000011d5      0x103 ./Core/Src/dht22.o
 .debug_macro   0x000012d8       0x6a ./Core/Src/dht22.o
 .debug_macro   0x00001342      0x1df ./Core/Src/dht22.o
 .debug_macro   0x00001521       0x1c ./Core/Src/dht22.o
 .debug_macro   0x0000153d       0x22 ./Core/Src/dht22.o
 .debug_macro   0x0000155f       0xfb ./Core/Src/dht22.o
 .debug_macro   0x0000165a     0x1011 ./Core/Src/dht22.o
 .debug_macro   0x0000266b      0x11f ./Core/Src/dht22.o
 .debug_macro   0x0000278a     0xb881 ./Core/Src/dht22.o
 .debug_macro   0x0000e00b       0x6d ./Core/Src/dht22.o
 .debug_macro   0x0000e078     0x3693 ./Core/Src/dht22.o
 .debug_macro   0x0001170b      0x189 ./Core/Src/dht22.o
 .debug_macro   0x00011894       0x5c ./Core/Src/dht22.o
 .debug_macro   0x000118f0      0x416 ./Core/Src/dht22.o
 .debug_macro   0x00011d06      0x9e9 ./Core/Src/dht22.o
 .debug_macro   0x000126ef      0x115 ./Core/Src/dht22.o
 .debug_macro   0x00012804       0xf8 ./Core/Src/dht22.o
 .debug_macro   0x000128fc       0xa5 ./Core/Src/dht22.o
 .debug_macro   0x000129a1      0x15f ./Core/Src/dht22.o
 .debug_macro   0x00012b00      0x287 ./Core/Src/dht22.o
 .debug_macro   0x00012d87       0x5f ./Core/Src/dht22.o
 .debug_macro   0x00012de6      0x236 ./Core/Src/dht22.o
 .debug_macro   0x0001301c      0x9e1 ./Core/Src/dht22.o
 .debug_macro   0x000139fd      0x38b ./Core/Src/dht22.o
 .debug_macro   0x00013d88      0x176 ./Core/Src/dht22.o
 .debug_macro   0x00013efe       0xf9 ./Core/Src/dht22.o
 .debug_macro   0x00013ff7      0x132 ./Core/Src/dht22.o
 .debug_macro   0x00014129      0x264 ./Core/Src/dht22.o
 .debug_macro   0x0001438d       0x2e ./Core/Src/dht22.o
 .debug_macro   0x000143bb      0x1b5 ./Core/Src/dht22.o
 .debug_macro   0x00014570       0x22 ./Core/Src/dht22.o
 .debug_macro   0x00014592       0xd6 ./Core/Src/dht22.o
 .debug_macro   0x00014668      0x127 ./Core/Src/dht22.o
 .debug_macro   0x0001478f       0x85 ./Core/Src/dht22.o
 .debug_macro   0x00014814       0x89 ./Core/Src/dht22.o
 .debug_macro   0x0001489d      0x8ed ./Core/Src/dht22.o
 .debug_macro   0x0001518a       0x47 ./Core/Src/dht22.o
 .debug_macro   0x000151d1      0x2aa ./Core/Src/dht22.o
 .debug_macro   0x0001547b      0x126 ./Core/Src/dht22.o
 .debug_macro   0x000155a1       0x4c ./Core/Src/dht22.o
 .debug_macro   0x000155ed       0x22 ./Core/Src/dht22.o
 .debug_macro   0x0001560f       0x61 ./Core/Src/dht22.o
 .debug_macro   0x00015670       0x2a ./Core/Src/dht22.o
 .debug_macro   0x0001569a       0x43 ./Core/Src/dht22.o
 .debug_macro   0x000156dd       0x34 ./Core/Src/dht22.o
 .debug_macro   0x00015711       0x16 ./Core/Src/dht22.o
 .debug_macro   0x00015727       0x43 ./Core/Src/dht22.o
 .debug_macro   0x0001576a       0x34 ./Core/Src/dht22.o
 .debug_macro   0x0001579e       0x10 ./Core/Src/dht22.o
 .debug_macro   0x000157ae       0x58 ./Core/Src/dht22.o
 .debug_macro   0x00015806       0x8e ./Core/Src/dht22.o
 .debug_macro   0x00015894       0x1c ./Core/Src/dht22.o
 .debug_macro   0x000158b0      0x177 ./Core/Src/dht22.o
 .debug_macro   0x00015a27      0x369 ./Core/Src/dht22.o
 .debug_macro   0x00015d90       0x10 ./Core/Src/dht22.o
 .debug_macro   0x00015da0       0x35 ./Core/Src/dht22.o
 .debug_macro   0x00015dd5       0x20 ./Core/Src/dht22.o
 .debug_macro   0x00015df5      0x23d ./Core/Src/light_sensor.o
 .debug_macro   0x00016032      0x274 ./Core/Src/main.o
 .debug_macro   0x000162a6       0x1c ./Core/Src/main.o
 .debug_macro   0x000162c2      0x338 ./Core/Src/oled.o
 .debug_macro   0x000165fa       0x16 ./Core/Src/oled.o
 .debug_macro   0x00016610       0xc2 ./Core/Src/status.o
 .debug_macro   0x000166d2      0x23b ./Core/Src/status_led.o
 .debug_macro   0x0001690d      0x21e ./Core/Src/stm32f4xx_hal_msp.o
 .debug_macro   0x00016b2b      0x228 ./Core/Src/stm32f4xx_it.o
 .debug_macro   0x00016d53       0xff ./Core/Src/sysmem.o
 .debug_macro   0x00016e52      0x23c ./Core/Src/sysmem.o
 .debug_macro   0x0001708e      0x20f ./Core/Src/system_stm32f4xx.o
 .debug_macro   0x0001729d      0x349 ./Core/Src/telemetry.o
 .debug_macro   0x000175e6       0x16 ./Core/Src/telemetry.o
 .debug_macro   0x000175fc       0x16 ./Core/Src/telemetry.o
 .debug_macro   0x00017612       0x16 ./Core/Src/telemetry.o
 .debug_macro   0x00017628      0x26f ./Drivers/STM32F4xx_HAL_Driver/Src/stm32f4xx_hal.o
 .debug_macro   0x00017897      0x210 ./Drivers/STM32F4xx_HAL_Driver/Src/stm32f4xx_hal_adc.o
 .debug_macro   0x00017aa7      0x20f ./Drivers/STM32F4xx_HAL_Driver/Src/stm32f4xx_hal_adc_ex.o
 .debug_macro   0x00017cb6      0x20f ./Drivers/STM32F4xx_HAL_Driver/Src/stm32f4xx_hal_cortex.o
 .debug_macro   0x00017ec5      0x215 ./Drivers/STM32F4xx_HAL_Driver/Src/stm32f4xx_hal_dma.o
 .debug_macro   0x000180da      0x215 ./Drivers/STM32F4xx_HAL_Driver/Src/stm32f4xx_hal_gpio.o
 .debug_macro   0x000182ef      0x25d ./Drivers/STM32F4xx_HAL_Driver/Src/stm32f4xx_hal_i2c.o
 .debug_macro   0x0001854c      0x233 ./Drivers/STM32F4xx_HAL_Driver/Src/stm32f4xx_hal_rcc.o
 .debug_macro   0x0001877f      0x210 ./Drivers/STM32F4xx_HAL_Driver/Src/stm32f4xx_hal_tim.o
 .debug_macro   0x0001898f      0x20f ./Drivers/STM32F4xx_HAL_Driver/Src/stm32f4xx_hal_tim_ex.o
 .debug_macro   0x00018b9e      0x210 ./Drivers/STM32F4xx_HAL_Driver/Src/stm32f4xx_hal_uart.o

.debug_line     0x00000000    0x1816b
 .debug_line    0x00000000      0xbf6 ./Core/Src/dht22.o
 .debug_line    0x00000bf6      0x8a4 ./Core/Src/light_sensor.o
 .debug_line    0x0000149a      0xbcf ./Core/Src/main.o
 .debug_line    0x00002069      0xea1 ./Core/Src/oled.o
 .debug_line    0x00002f0a      0x545 ./Core/Src/status.o
 .debug_line    0x0000344f      0x814 ./Core/Src/status_led.o
 .debug_line    0x00003c63      0x913 ./Core/Src/stm32f4xx_hal_msp.o
 .debug_line    0x00004576      0x905 ./Core/Src/stm32f4xx_it.o
 .debug_line    0x00004e7b      0x56a ./Core/Src/sysmem.o
 .debug_line    0x000053e5      0x828 ./Core/Src/system_stm32f4xx.o
 .debug_line    0x00005c0d      0xabe ./Core/Src/telemetry.o
 .debug_line    0x000066cb       0x7a ./Core/Startup/startup_stm32f401retx.o
 .debug_line    0x00006745      0xaa0 ./Drivers/STM32F4xx_HAL_Driver/Src/stm32f4xx_hal.o
 .debug_line    0x000071e5     0x125f ./Drivers/STM32F4xx_HAL_Driver/Src/stm32f4xx_hal_adc.o
 .debug_line    0x00008444      0xf9f ./Drivers/STM32F4xx_HAL_Driver/Src/stm32f4xx_hal_adc_ex.o
 .debug_line    0x000093e3      0xd92 ./Drivers/STM32F4xx_HAL_Driver/Src/stm32f4xx_hal_cortex.o
 .debug_line    0x0000a175     0x1010 ./Drivers/STM32F4xx_HAL_Driver/Src/stm32f4xx_hal_dma.o
 .debug_line    0x0000b185      0xbf0 ./Drivers/STM32F4xx_HAL_Driver/Src/stm32f4xx_hal_gpio.o
 .debug_line    0x0000bd75     0x3be1 ./Drivers/STM32F4xx_HAL_Driver/Src/stm32f4xx_hal_i2c.o
 .debug_line    0x0000f956      0xe2b ./Drivers/STM32F4xx_HAL_Driver/Src/stm32f4xx_hal_rcc.o
 .debug_line    0x00010781     0x3616 ./Drivers/STM32F4xx_HAL_Driver/Src/stm32f4xx_hal_tim.o
 .debug_line    0x00013d97     0x1a31 ./Drivers/STM32F4xx_HAL_Driver/Src/stm32f4xx_hal_tim_ex.o
 .debug_line    0x000157c8     0x29a3 ./Drivers/STM32F4xx_HAL_Driver/Src/stm32f4xx_hal_uart.o

.debug_str      0x00000000    0x9cc3c
 .debug_str     0x00000000    0x96f29 ./Core/Src/dht22.o
                              0x97279 (size before relaxing)
 .debug_str     0x00096f29      0x258 ./Core/Src/light_sensor.o
                              0x93c64 (size before relaxing)
 .debug_str     0x00097181      0xbcc ./Core/Src/main.o
                              0x94c55 (size before relaxing)
 .debug_str     0x00097d4d      0x38e ./Core/Src/oled.o
                              0x97280 (size before relaxing)
 .debug_str     0x000980db      0x181 ./Core/Src/status.o
                               0x3fc4 (size before relaxing)
 .debug_str     0x0009825c       0x2a ./Core/Src/status_led.o
                              0x93848 (size before relaxing)
 .debug_str     0x00098286      0x4a2 ./Core/Src/stm32f4xx_hal_msp.o
                              0x94834 (size before relaxing)
 .debug_str     0x00098728      0x18a ./Core/Src/stm32f4xx_it.o
                              0x943a5 (size before relaxing)
 .debug_str     0x000988b2      0x4dc ./Core/Src/sysmem.o
                               0x60c9 (size before relaxing)
 .debug_str     0x00098d8e       0xdb ./Core/Src/system_stm32f4xx.o
                              0x9379f (size before relaxing)
 .debug_str     0x00098e69      0x702 ./Core/Src/telemetry.o
                              0x97539 (size before relaxing)
 .debug_str     0x0009956b       0x44 ./Core/Startup/startup_stm32f401retx.o
                                 0x7c (size before relaxing)
 .debug_str     0x000995af      0x60b ./Drivers/STM32F4xx_HAL_Driver/Src/stm32f4xx_hal.o
                              0x941c1 (size before relaxing)
 .debug_str     0x00099bba      0x273 ./Drivers/STM32F4xx_HAL_Driver/Src/stm32f4xx_hal_adc.o
                              0x93d7a (size before relaxing)
 .debug_str     0x00099e2d      0x2df ./Drivers/STM32F4xx_HAL_Driver/Src/stm32f4xx_hal_adc_ex.o
                              0x93dce (size before relaxing)
 .debug_str     0x0009a10c      0x361 ./Drivers/STM32F4xx_HAL_Driver/Src/stm32f4xx_hal_cortex.o
                              0x93f2b (size before relaxing)
 .debug_str     0x0009a46d      0x2fe ./Drivers/STM32F4xx_HAL_Driver/Src/stm32f4xx_hal_dma.o
                              0x93ba7 (size before relaxing)
 .debug_str     0x0009a76b      0x121 ./Drivers/STM32F4xx_HAL_Driver/Src/stm32f4xx_hal_gpio.o
                              0x9391a (size before relaxing)
 .debug_str     0x0009a88c      0xa7e ./Drivers/STM32F4xx_HAL_Driver/Src/stm32f4xx_hal_i2c.o
                              0x947b0 (size before relaxing)
 .debug_str     0x0009b30a      0x213 ./Drivers/STM32F4xx_HAL_Driver/Src/stm32f4xx_hal_rcc.o
                              0x93bd3 (size before relaxing)
 .debug_str     0x0009b51d      0xcdc ./Drivers/STM32F4xx_HAL_Driver/Src/stm32f4xx_hal_tim.o
                              0x94b17 (size before relaxing)
 .debug_str     0x0009c1f9      0x493 ./Drivers/STM32F4xx_HAL_Driver/Src/stm32f4xx_hal_tim_ex.o
                              0x94323 (size before relaxing)
 .debug_str     0x0009c68c      0x5b0 ./Drivers/STM32F4xx_HAL_Driver/Src/stm32f4xx_hal_uart.o
                              0x941a2 (size before relaxing)

.comment        0x00000000       0x43
 .comment       0x00000000       0x43 ./Core/Src/dht22.o
                                 0x44 (size before relaxing)
 .comment       0x00000043       0x44 ./Core/Src/light_sensor.o
 .comment       0x00000043       0x44 ./Core/Src/main.o
 .comment       0x00000043       0x44 ./Core/Src/oled.o
 .comment       0x00000043       0x44 ./Core/Src/status.o
 .comment       0x00000043       0x44 ./Core/Src/status_led.o
 .comment       0x00000043       0x44 ./Core/Src/stm32f4xx_hal_msp.o
 .comment       0x00000043       0x44 ./Core/Src/stm32f4xx_it.o
 .comment       0x00000043       0x44 ./Core/Src/sysmem.o
 .comment       0x00000043       0x44 ./Core/Src/system_stm32f4xx.o
 .comment       0x00000043       0x44 ./Core/Src/telemetry.o
 .comment       0x00000043       0x44 ./Drivers/STM32F4xx_HAL_Driver/Src/stm32f4xx_hal.o
 .comment       0x00000043       0x44 ./Drivers/STM32F4xx_HAL_Driver/Src/stm32f4xx_hal_adc.o
 .comment       0x00000043       0x44 ./Drivers/STM32F4xx_HAL_Driver/Src/stm32f4xx_hal_adc_ex.o
 .comment       0x00000043       0x44 ./Drivers/STM32F4xx_HAL_Driver/Src/stm32f4xx_hal_cortex.o
 .comment       0x00000043       0x44 ./Drivers/STM32F4xx_HAL_Driver/Src/stm32f4xx_hal_dma.o
 .comment       0x00000043       0x44 ./Drivers/STM32F4xx_HAL_Driver/Src/stm32f4xx_hal_gpio.o
 .comment       0x00000043       0x44 ./Drivers/STM32F4xx_HAL_Driver/Src/stm32f4xx_hal_i2c.o
 .comment       0x00000043       0x44 ./Drivers/STM32F4xx_HAL_Driver/Src/stm32f4xx_hal_rcc.o
 .comment       0x00000043       0x44 ./Drivers/STM32F4xx_HAL_Driver/Src/stm32f4xx_hal_tim.o
 .comment       0x00000043       0x44 ./Drivers/STM32F4xx_HAL_Driver/Src/stm32f4xx_hal_tim_ex.o
 .comment       0x00000043       0x44 ./Drivers/STM32F4xx_HAL_Driver/Src/stm32f4xx_hal_uart.o

.debug_frame    0x00000000     0x54e4
 .debug_frame   0x00000000      0x188 ./Core/Src/dht22.o
 .debug_frame   0x00000188       0xe0 ./Core/Src/light_sensor.o
 .debug_frame   0x00000268      0x234 ./Core/Src/main.o
 .debug_frame   0x0000049c      0x290 ./Core/Src/oled.o
 .debug_frame   0x0000072c       0xac ./Core/Src/status.o
 .debug_frame   0x000007d8       0x6c ./Core/Src/status_led.o
 .debug_frame   0x00000844      0x158 ./Core/Src/stm32f4xx_hal_msp.o
 .debug_frame   0x0000099c      0x1ac ./Core/Src/stm32f4xx_it.o
 .debug_frame   0x00000b48       0x34 ./Core/Src/sysmem.o
 .debug_frame   0x00000b7c       0x58 ./Core/Src/system_stm32f4xx.o
 .debug_frame   0x00000bd4       0xfc ./Core/Src/telemetry.o
 .debug_frame   0x00000cd0      0x374 ./Drivers/STM32F4xx_HAL_Driver/Src/stm32f4xx_hal.o
 .debug_frame   0x00001044      0x3fc ./Drivers/STM32F4xx_HAL_Driver/Src/stm32f4xx_hal_adc.o
 .debug_frame   0x00001440      0x250 ./Drivers/STM32F4xx_HAL_Driver/Src/stm32f4xx_hal_adc_ex.o
 .debug_frame   0x00001690      0x508 ./Drivers/STM32F4xx_HAL_Driver/Src/stm32f4xx_hal_cortex.o